 zlibwapi

 Timestamp is 55541156 (Thu May 14 11:07:02 2015)

 Preferred load address is 10000000

 Start         Length     Name                   Class
 0001:00000000 00018bfaH .text                   CODE
 0002:00000000 00000110H .idata$5                DATA
 0002:00000110 00000004H .CRT$XCA                DATA
 0002:00000114 00000004H .CRT$XCZ                DATA
 0002:00000118 00000004H .CRT$XIA                DATA
 0002:0000011c 00000010H .CRT$XIC                DATA
 0002:0000012c 00000004H .CRT$XIZ                DATA
 0002:00000130 00000004H .CRT$XPA                DATA
 0002:00000134 00000004H .CRT$XPX                DATA
 0002:00000138 00000004H .CRT$XPXA               DATA
 0002:0000013c 00000004H .CRT$XPZ                DATA
 0002:00000140 00000004H .CRT$XTA                DATA
 0002:00000144 00000004H .CRT$XTZ                DATA
 0002:00000148 00005da8H .rdata                  DATA
 0002:00005ef0 00000004H .rtc$IAA                DATA
 0002:00005ef4 00000004H .rtc$IZZ                DATA
 0002:00005ef8 00000004H .rtc$TAA                DATA
 0002:00005efc 00000004H .rtc$TZZ                DATA
 0002:00005f00 0000041cH .xdata$x                DATA
 0002:0000631c 00000014H .idata$2                DATA
 0002:00006330 00000014H .idata$3                DATA
 0002:00006344 00000110H .idata$4                DATA
 0002:00006454 000004caH .idata$6                DATA
 0002:00006920 00000c44H .edata                  DATA
 0003:00000000 00000fb0H .data                   DATA
 0003:00000fc0 00001de4H .bss                    DATA
 0004:00000000 00000058H .rsrc$01                DATA
 0004:00000060 00000338H .rsrc$02                DATA

  Address         Publics by Value              Rva+Base       Lib:Object

 0000:00000000       ___safe_se_handler_count   00000000     <absolute>
 0000:00000000       ___safe_se_handler_table   00000000     <absolute>
 0000:00000000       __except_list              00000000     <absolute>
 0000:00000000       ___ImageBase               10000000     <linker-defined>
 0001:00000000       _adler32@12                10001000 f   adler32.obj
 0001:00000330       _adler32_combine@12        10001330 f   adler32.obj
 0001:00000350       _compress2@20              10001350 f   compress.obj
 0001:00000400       _compress@16               10001400 f   compress.obj
 0001:00000420       _compressBound@4           10001420 f   compress.obj
 0001:00000440       _get_crc_table@0           10001440 f   crc32.obj
 0001:00000450       _crc32@12                  10001450 f   crc32.obj
 0001:00000860       _crc32_combine@12          10001860 f   crc32.obj
 0001:00000880       _deflateInit_@16           10001880 f   deflate.obj
 0001:000008b0       _deflateInit2_@32          100018b0 f   deflate.obj
 0001:00000af0       _deflateSetDictionary@12   10001af0 f   deflate.obj
 0001:00000c80       _deflateResetKeep@4        10001c80 f   deflate.obj
 0001:00000d30       _deflateReset@4            10001d30 f   deflate.obj
 0001:00000d60       _deflateSetHeader@8        10001d60 f   deflate.obj
 0001:00000d90       _deflatePending@12         10001d90 f   deflate.obj
 0001:00000dd0       _deflatePrime@12           10001dd0 f   deflate.obj
 0001:00000e60       _deflateParams@12          10001e60 f   deflate.obj
 0001:00000f60       _deflateTune@20            10001f60 f   deflate.obj
 0001:00000fb0       _deflateBound@8            10001fb0 f   deflate.obj
 0001:00001110       _deflate@8                 10002110 f   deflate.obj
 0001:00001970       _deflateEnd@4              10002970 f   deflate.obj
 0001:00001a50       _deflateCopy@8             10002a50 f   deflate.obj
 0001:00002ba0       _gzclose@4                 10003ba0 f   gzclose.obj
 0001:00002ef0       _gzopen@8                  10003ef0 f   gzlib.obj
 0001:00002f10       _gzdopen@8                 10003f10 f   gzlib.obj
 0001:00002f60       _gzopen_w@8                10003f60 f   gzlib.obj
 0001:00002f80       _gzbuffer@8                10003f80 f   gzlib.obj
 0001:00002fc0       _gzrewind@4                10003fc0 f   gzlib.obj
 0001:00003020       _gzseek64@16               10004020 f   gzlib.obj
 0001:000031a0       _gzseek@12                 100041a0 f   gzlib.obj
 0001:000031e0       _gztell64@4                100041e0 f   gzlib.obj
 0001:00003230       _gztell@4                  10004230 f   gzlib.obj
 0001:00003260       _gzoffset64@4              10004260 f   gzlib.obj
 0001:000032b0       _gzoffset@4                100042b0 f   gzlib.obj
 0001:000032e0       _gzeof@4                   100042e0 f   gzlib.obj
 0001:00003310       _gzerror@8                 10004310 f   gzlib.obj
 0001:00003360       _gzclearerr@4              10004360 f   gzlib.obj
 0001:000033a0       _gz_error                  100043a0 f   gzlib.obj
 0001:000038b0       _gzread@12                 100048b0 f   gzread.obj
 0001:00003a30       _gzgetc@4                  10004a30 f   gzread.obj
 0001:00003a90       _gzgetc_@4                 10004a90 f   gzread.obj
 0001:00003aa0       _gzungetc@8                10004aa0 f   gzread.obj
 0001:00003b80       _gzgets@12                 10004b80 f   gzread.obj
 0001:00003c90       _gzdirect@4                10004c90 f   gzread.obj
 0001:00003cd0       _gzclose_r@4               10004cd0 f   gzread.obj
 0001:00004020       _gzwrite@12                10005020 f   gzwrite.obj
 0001:00004140       _gzputc@8                  10005140 f   gzwrite.obj
 0001:00004200       _gzputs@8                  10005200 f   gzwrite.obj
 0001:00004240       _gzvprintf                 10005240 f   gzwrite.obj
 0001:00004310       _gzprintf                  10005310 f   gzwrite.obj
 0001:00004330       _gzflush@8                 10005330 f   gzwrite.obj
 0001:000043b0       _gzsetparams@12            100053b0 f   gzwrite.obj
 0001:00004460       _gzclose_w@4               10005460 f   gzwrite.obj
 0001:00004520       _inflateBackInit_@20       10005520 f   infback.obj
 0001:00004610       _inflateBack@20            10005610 f   infback.obj
 0001:00005310       _inflateBackEnd@4          10006310 f   infback.obj
 0001:00005350       _inflateResetKeep@4        10006350 f   inflate.obj
 0001:000053d0       _inflateReset@4            100063d0 f   inflate.obj
 0001:00005400       _inflateReset2@8           10006400 f   inflate.obj
 0001:00005490       _inflateInit2_@16          10006490 f   inflate.obj
 0001:00005550       _inflateInit_@12           10006550 f   inflate.obj
 0001:00005570       _inflatePrime@12           10006570 f   inflate.obj
 0001:000056f0       _inflate@8                 100066f0 f   inflate.obj
 0001:00006bf0       _inflateEnd@4              10007bf0 f   inflate.obj
 0001:00006c50       _inflateGetDictionary@12   10007c50 f   inflate.obj
 0001:00006cc0       _inflateSetDictionary@12   10007cc0 f   inflate.obj
 0001:00006d60       _inflateGetHeader@8        10007d60 f   inflate.obj
 0001:00006e00       _inflateSync@4             10007e00 f   inflate.obj
 0001:00006ef0       _inflateSyncPoint@4        10007ef0 f   inflate.obj
 0001:00006f30       _inflateCopy@8             10007f30 f   inflate.obj
 0001:00007090       _inflateUndermine@8        10008090 f   inflate.obj
 0001:000070c0       _inflateMark@4             100080c0 f   inflate.obj
 0001:00007130       _inflate_table             10008130 f   inftrees.obj
 0001:00007520       _call_zopen64              10008520 f   ioapi.obj
 0001:00007540       _call_zseek64              10008540 f   ioapi.obj
 0001:000075a0       _call_ztell64              100085a0 f   ioapi.obj
 0001:000075d0       _fill_zlib_filefunc64_32_def_from_filefunc32 100085d0 f   ioapi.obj
 0001:00007750       _fill_fopen64_filefunc     10008750 f   ioapi.obj
 0001:00007840       _win32_open64_file_func    10008840 f   iowin32.obj
 0001:00007840       _win32_open64_file_funcA   10008840 f   iowin32.obj
 0001:00007840       _win32_open_file_func      10008840 f   iowin32.obj
 0001:000078a0       _win32_open64_file_funcW   100088a0 f   iowin32.obj
 0001:00007900       _win32_read_file_func      10008900 f   iowin32.obj
 0001:00007950       _win32_write_file_func     10008950 f   iowin32.obj
 0001:000079f0       _win32_tell_file_func      100089f0 f   iowin32.obj
 0001:00007a40       _win32_tell64_file_func    10008a40 f   iowin32.obj
 0001:00007aa0       _win32_seek_file_func      10008aa0 f   iowin32.obj
 0001:00007af0       _win32_seek64_file_func    10008af0 f   iowin32.obj
 0001:00007b50       _win32_close_file_func     10008b50 f   iowin32.obj
 0001:00007b80       _win32_error_file_func     10008b80 f   iowin32.obj
 0001:00007ba0       _fill_win32_filefunc       10008ba0 f   iowin32.obj
 0001:00007be0       _fill_win32_filefunc64     10008be0 f   iowin32.obj
 0001:00007be0       _fill_win32_filefunc64A    10008be0 f   iowin32.obj
 0001:00007c20       _fill_win32_filefunc64W    10008c20 f   iowin32.obj
 0001:00007c60       __tr_init                  10008c60 f   trees.obj
 0001:00008c00       __tr_stored_block          10009c00 f   trees.obj
 0001:00008c90       __tr_flush_bits            10009c90 f   trees.obj
 0001:00008ca0       __tr_align                 10009ca0 f   trees.obj
 0001:00008d90       __tr_flush_block           10009d90 f   trees.obj
 0001:00009560       _uncompress@16             1000a560 f   uncompr.obj
 0001:00009890       _unzStringFileNameCompare@12 1000a890 f   unzip.obj
 0001:0000a130       _unzOpen2@8                1000b130 f   unzip.obj
 0001:0000a180       _unzOpen2_64@8             1000b180 f   unzip.obj
 0001:0000a1e0       _unzOpen@4                 1000b1e0 f   unzip.obj
 0001:0000a200       _unzOpen64@4               1000b200 f   unzip.obj
 0001:0000a220       _unzClose@4                1000b220 f   unzip.obj
 0001:0000a260       _unzGetGlobalInfo64@8      1000b260 f   unzip.obj
 0001:0000a2a0       _unzGetGlobalInfo@8        1000b2a0 f   unzip.obj
 0001:0000a890       _unzGetCurrentFileInfo64@32 1000b890 f   unzip.obj
 0001:0000a8c0       _unzGetCurrentFileInfo@32  1000b8c0 f   unzip.obj
 0001:0000a9a0       _unzGoToFirstFile@4        1000b9a0 f   unzip.obj
 0001:0000aa10       _unzGoToNextFile@4         1000ba10 f   unzip.obj
 0001:0000aac0       _unzLocateFile@12          1000bac0 f   unzip.obj
 0001:0000ac00       _unzGetFilePos64@8         1000bc00 f   unzip.obj
 0001:0000ac50       _unzGetFilePos@8           1000bc50 f   unzip.obj
 0001:0000ac80       _unzGoToFilePos64@8        1000bc80 f   unzip.obj
 0001:0000acf0       _unzGoToFilePos@8          1000bcf0 f   unzip.obj
 0001:0000af70       _unzOpenCurrentFile3@20    1000bf70 f   unzip.obj
 0001:0000b1b0       _unzOpenCurrentFile@4      1000c1b0 f   unzip.obj
 0001:0000b1d0       _unzOpenCurrentFilePassword@8 1000c1d0 f   unzip.obj
 0001:0000b1f0       _unzOpenCurrentFile2@16    1000c1f0 f   unzip.obj
 0001:0000b210       _unzGetCurrentFileZStreamPos64@4 1000c210 f   unzip.obj
 0001:0000b250       _unzReadCurrentFile@12     1000c250 f   unzip.obj
 0001:0000b4f0       _unztell@4                 1000c4f0 f   unzip.obj
 0001:0000b520       _unztell64@4               1000c520 f   unzip.obj
 0001:0000b550       _unzeof@4                  1000c550 f   unzip.obj
 0001:0000b590       _unzGetLocalExtrafield@12  1000c590 f   unzip.obj
 0001:0000b650       _unzCloseCurrentFile@4     1000c650 f   unzip.obj
 0001:0000b700       _unzGetGlobalComment@12    1000c700 f   unzip.obj
 0001:0000c060       _LoadCentralDirectoryRecord 1000d060 f   zip.obj
 0001:0000c500       _zipOpen3@16               1000d500 f   zip.obj
 0001:0000c660       _zipOpen2@16               1000d660 f   zip.obj
 0001:0000c6b0       _zipOpen2_64@16            1000d6b0 f   zip.obj
 0001:0000c710       _zipOpen64@8               1000d710 f   zip.obj
 0001:0000c710       _zipOpen@8                 1000d710 f   zip.obj
 0001:0000c730       _Write_LocalFileHeader     1000d730 f   zip.obj
 0001:0000c950       _zipOpenNewFileInZip4_64@76 1000d950 f   zip.obj
 0001:0000ce20       _zipOpenNewFileInZip3@64   1000de20 f   zip.obj
 0001:0000ce80       _zipOpenNewFileInZip3_64@68 1000de80 f   zip.obj
 0001:0000cee0       _zipOpenNewFileInZip2@44   1000dee0 f   zip.obj
 0001:0000cf30       _zipOpenNewFileInZip2_64@48 1000df30 f   zip.obj
 0001:0000cf80       _zipOpenNewFileInZip64@44  1000df80 f   zip.obj
 0001:0000cfd0       _zipOpenNewFileInZip@40    1000dfd0 f   zip.obj
 0001:0000d0e0       _zipWriteInFileInZip@12    1000e0e0 f   zip.obj
 0001:0000d1e0       _zipCloseFileInZipRaw@12   1000e1e0 f   zip.obj
 0001:0000d200       _zipCloseFileInZipRaw64@16 1000e200 f   zip.obj
 0001:0000d710       _zipCloseFileInZip@4       1000e710 f   zip.obj
 0001:0000d730       _Write_Zip64EndOfCentralDirectoryLocator 1000e730 f   zip.obj
 0001:0000d7b0       _Write_Zip64EndOfCentralDirectoryRecord 1000e7b0 f   zip.obj
 0001:0000d8d0       _Write_EndOfCentralDirectoryRecord 1000e8d0 f   zip.obj
 0001:0000da10       _Write_GlobalComment       1000ea10 f   zip.obj
 0001:0000da80       _zipClose@8                1000ea80 f   zip.obj
 0001:0000dc00       _zlibVersion@0             1000ec00 f   zutil.obj
 0001:0000dc10       _zlibCompileFlags@0        1000ec10 f   zutil.obj
 0001:0000dc20       _zError@4                  1000ec20 f   zutil.obj
 0001:0000dc40       _zcalloc                   1000ec40 f   zutil.obj
 0001:0000dc60       _zcfree                    1000ec60 f   zutil.obj
 0001:0000dc80       _longest_match             1000ec80 f   match686.obj
 0001:0000de68       _match_init                1000ee68 f   match686.obj
 0001:0000df70       _inflate_fast              1000ef70 f   inffas32.obj
 0001:0000e603       __lseeki64_nolock          1000f603 f   LIBCMT:lseeki64.obj
 0001:0000e688       __lseeki64                 1000f688 f   LIBCMT:lseeki64.obj
 0001:0000eea7       __wopen                    1000fea7 f   LIBCMT:wopen.obj
 0001:0000ef55       _free                      1000ff55 f   LIBCMT:free.obj
 0001:0000ef8f       _malloc                    1000ff8f f   LIBCMT:malloc.obj
 0001:0000f023       __snprintf                 10010023 f   LIBCMT:snprintf.obj
 0001:0000f0cf       ??0_LocaleUpdate@@QAE@PAUlocaleinfo_struct@@@Z 100100cf f i LIBCMT:wcstombs.obj
 0001:0000f156       __wcstombs_l_helper        10010156 f   LIBCMT:wcstombs.obj
 0001:0000f3bd       _wcstombs                  100103bd f   LIBCMT:wcstombs.obj
 0001:0000f3d7       __get_sys_err_msg          100103d7 f i LIBCMT:strerror.obj
 0001:0000f3ff       _strerror                  100103ff f   LIBCMT:strerror.obj
 0001:0000f470       _memchr                    10010470 f   LIBCMT:memchr.obj
 0001:0000f51d       __get_errno_from_oserr     1001051d f   LIBCMT:dosmap.obj
 0001:0000f55f       __errno                    1001055f f   LIBCMT:dosmap.obj
 0001:0000f572       ___doserrno                10010572 f   LIBCMT:dosmap.obj
 0001:0000f585       __dosmaperr                10010585 f   LIBCMT:dosmap.obj
 0001:0000f5a8       __ftelli64_nolock          100105a8 f   LIBCMT:ftelli64.obj
 0001:0000f8f2       __ftelli64                 100108f2 f   LIBCMT:ftelli64.obj
 0001:0000f95f       __fseeki64_nolock          1001095f f   LIBCMT:fseeki64.obj
 0001:0000f9fb       __fseeki64                 100109fb f   LIBCMT:fseeki64.obj
 0001:0000fa7a       __fsopen                   10010a7a f   LIBCMT:fopen.obj
 0001:0000fb36       _fopen                     10010b36 f   LIBCMT:fopen.obj
 0001:0000fb4d       __fread_nolock_s           10010b4d f   LIBCMT:fread.obj
 0001:0000fd09       _fread_s                   10010d09 f   LIBCMT:fread.obj
 0001:0000fd97       _fread                     10010d97 f   LIBCMT:fread.obj
 0001:0000fdb4       _ferror                    10010db4 f   LIBCMT:feoferr.obj
 0001:0000fddc       __fwrite_nolock            10010ddc f   LIBCMT:fwrite.obj
 0001:0000ff33       _fwrite                    10010f33 f   LIBCMT:fwrite.obj
 0001:0000ffad       __fclose_nolock            10010fad f   LIBCMT:fclose.obj
 0001:0001001a       _fclose                    1001101a f   LIBCMT:fclose.obj
 0001:0001008e       _srand                     1001108e f   LIBCMT:rand.obj
 0001:000100a0       _rand                      100110a0 f   LIBCMT:rand.obj
 0001:000100c1       __time64                   100110c1 f   LIBCMT:time64.obj
 0001:00010112       __CRT_INIT@12              10011112 f   LIBCMT:dllcrt0.obj
 0001:0001036c       __DllMainCRTStartup@12     1001136c f   LIBCMT:dllcrt0.obj
 0001:0001038f       __ioinit                   1001138f f   LIBCMT:ioinit.obj
 0001:000105d4       __ioterm                   100115d4 f   LIBCMT:ioinit.obj
 0001:00010627       __set_osfhnd               10011627 f   LIBCMT:osfinfo.obj
 0001:000106a8       __free_osfhnd              100116a8 f   LIBCMT:osfinfo.obj
 0001:0001072e       __get_osfhandle            1001172e f   LIBCMT:osfinfo.obj
 0001:00010797       ___lock_fhandle            10011797 f   LIBCMT:osfinfo.obj
 0001:00010836       __unlock_fhandle           10011836 f   LIBCMT:osfinfo.obj
 0001:0001085d       __alloc_osfhnd             1001185d f   LIBCMT:osfinfo.obj
 0001:000109f6       __initp_misc_invarg        100119f6 f   LIBCMT:invarg.obj
 0001:00010a05       __call_reportfault         10011a05 f   LIBCMT:invarg.obj
 0001:00010b2e       __invoke_watson            10011b2e f   LIBCMT:invarg.obj
 0001:00010b53       __invalid_parameter        10011b53 f   LIBCMT:invarg.obj
 0001:00010b80       __invalid_parameter_noinfo 10011b80 f   LIBCMT:invarg.obj
 0001:00010b90       __SEH_prolog4              10011b90 f   LIBCMT:sehprolg4.obj
 0001:00010bd5       __SEH_epilog4              10011bd5 f   LIBCMT:sehprolg4.obj
 0001:00010bf0       __except_handler4          10011bf0 f   LIBCMT:chandler4.obj
 0001:00010d7f       __write_nolock             10011d7f f   LIBCMT:write.obj
 0001:0001147c       _write                     1001247c f   LIBCMT:write.obj
 0001:0001147c       __write                    1001247c f   LIBCMT:write.obj
 0001:00011550       __chsize_nolock            10012550 f   LIBCMT:chsize.obj
 0001:00011706       __read_nolock              10012706 f   LIBCMT:read.obj
 0001:00011cbd       _read                      10012cbd f   LIBCMT:read.obj
 0001:00011cbd       __read                     10012cbd f   LIBCMT:read.obj
 0001:00011db3       __close_nolock             10012db3 f   LIBCMT:close.obj
 0001:00011e4f       _close                     10012e4f f   LIBCMT:close.obj
 0001:00011e4f       __close                    10012e4f f   LIBCMT:close.obj
 0001:00011f13       __lseek_nolock             10012f13 f   LIBCMT:lseek.obj
 0001:00011f88       ___crtCorExitProcess       10012f88 f   LIBCMT:crt0dat.obj
 0001:00011fb3       ___crtExitProcess          10012fb3 f   LIBCMT:crt0dat.obj
 0001:00011fcb       __lockexit                 10012fcb f   LIBCMT:crt0dat.obj
 0001:00011fd4       __unlockexit               10012fd4 f   LIBCMT:crt0dat.obj
 0001:00011fdd       __init_pointers            10012fdd f   LIBCMT:crt0dat.obj
 0001:00012010       __initterm_e               10013010 f   LIBCMT:crt0dat.obj
 0001:00012034       __cinit                    10013034 f   LIBCMT:crt0dat.obj
 0001:0001220b       __exit                     1001320b f   LIBCMT:crt0dat.obj
 0001:00012221       __cexit                    10013221 f   LIBCMT:crt0dat.obj
 0001:00012230       __amsg_exit                10013230 f   LIBCMT:crt0dat.obj
 0001:0001224e       __setmode_nolock           1001324e f   LIBCMT:setmode.obj
 0001:00012309       __get_fmode                10013309 f   LIBCMT:setmode.obj
 0001:00012336       __heap_init                10013336 f   LIBCMT:heapinit.obj
 0001:00012354       __heap_term                10013354 f   LIBCMT:heapinit.obj
 0001:00012368       __GET_RTERRMSG             10013368 f   LIBCMT:crt0msg.obj
 0001:0001238e       __NMSG_WRITE               1001338e f   LIBCMT:crt0msg.obj
 0001:0001253d       __FF_MSGBANNER             1001353d f   LIBCMT:crt0msg.obj
 0001:00012576       __initp_heap_handler       10013576 f   LIBCMT:handler.obj
 0001:00012585       __callnewh                 10013585 f   LIBCMT:handler.obj
 0001:000125ad       __flsbuf                   100135ad f   LIBCMT:_flsbuf.obj
 0001:000127a6       __output_l                 100137a6 f   LIBCMT:output.obj
 0001:000133ae       __vsnprintf_l              100143ae f   LIBCMT:vsnprint.obj
 0001:0001345a       _vsnprintf                 1001445a f   LIBCMT:vsnprint.obj
 0001:0001345a       __vsnprintf                1001445a f   LIBCMT:vsnprint.obj
 0001:0001369a       ___updatetmbcinfo          1001469a f   LIBCMT:mbctype.obj
 0001:000137ba       __setmbcp_nolock           100147ba f   LIBCMT:mbctype.obj
 0001:000139a3       __setmbcp                  100149a3 f   LIBCMT:mbctype.obj
 0001:00013b3d       ___initmbctable            10014b3d f   LIBCMT:mbctype.obj
 0001:00013b5b       ___addlocaleref            10014b5b f   LIBCMT:localref.obj
 0001:00013bea       ___removelocaleref         10014bea f   LIBCMT:localref.obj
 0001:00013c83       ___freetlocinfo            10014c83 f   LIBCMT:localref.obj
 0001:00013dce       __updatetlocinfoEx_nolock  10014dce f   LIBCMT:localref.obj
 0001:00013e1b       ___updatetlocinfo          10014e1b f   LIBCMT:localref.obj
 0001:00013e94       __encoded_null             10014e94 f   LIBCMT:tidtable.obj
 0001:00013e9d       ___crtTlsAlloc@4           10014e9d f   LIBCMT:tidtable.obj
 0001:00013ea6       ___set_flsgetvalue         10014ea6 f   LIBCMT:tidtable.obj
 0001:00013eda       __mtterm                   10014eda f   LIBCMT:tidtable.obj
 0001:00013f17       __initptd                  10014f17 f   LIBCMT:tidtable.obj
 0001:00013fcb       __getptd_noexit            10014fcb f   LIBCMT:tidtable.obj
 0001:00014044       __getptd                   10015044 f   LIBCMT:tidtable.obj
 0001:0001405e       __freefls@4                1001505e f   LIBCMT:tidtable.obj
 0001:0001418d       __freeptd                  1001518d f   LIBCMT:tidtable.obj
 0001:000141fb       __mtinit                   100151fb f   LIBCMT:tidtable.obj
 0001:00014376       @__security_check_cookie@4 10015376 f   LIBCMT:secchk.obj
 0001:00014385       ___sys_nerr                10015385 f   LIBCMT:syserr.obj
 0001:0001438b       ___sys_errlist             1001538b f   LIBCMT:syserr.obj
 0001:00014391       _strcpy_s                  10015391 f   LIBCMT:strcpy_s.obj
 0001:000143f0       __malloc_crt               100153f0 f   LIBCMT:crtheap.obj
 0001:00014435       __calloc_crt               10015435 f   LIBCMT:crtheap.obj
 0001:00014481       __realloc_crt              10015481 f   LIBCMT:crtheap.obj
 0001:000144cf       __fileno                   100154cf f   LIBCMT:fileno.obj
 0001:00014500       __chkstk                   10015500 f   LIBCMT:chkstk.obj
 0001:00014500       __alloca_probe             10015500     LIBCMT:chkstk.obj
 0001:0001452b       ___iob_func                1001552b f   LIBCMT:_file.obj
 0001:00014531       ___initstdio               10015531 f   LIBCMT:_file.obj
 0001:000145e2       ___endstdio                100155e2 f   LIBCMT:_file.obj
 0001:00014602       __lock_file                10015602 f   LIBCMT:_file.obj
 0001:00014643       __lock_file2               10015643 f   LIBCMT:_file.obj
 0001:00014675       __unlock_file              10015675 f   LIBCMT:_file.obj
 0001:000146b1       __unlock_file2             100156b1 f   LIBCMT:_file.obj
 0001:000146e0       __flush                    100156e0 f   LIBCMT:fflush.obj
 0001:00014748       __fflush_nolock            10015748 f   LIBCMT:fflush.obj
 0001:0001486a       __flushall                 1001586a f   LIBCMT:fflush.obj
 0001:00014873       __openfile                 10015873 f   LIBCMT:_open.obj
 0001:00014b0a       __getstream                10015b0a f   LIBCMT:stream.obj
 0001:00014c40       __local_unwind4            10015c40 f   LIBCMT:exsup4.obj
 0001:00014d16       __seh_longjmp_unwind4@4    10015d16 f   LIBCMT:exsup4.obj
 0001:00014d32       @_EH4_CallFilterFunc@8     10015d32 f   LIBCMT:exsup4.obj
 0001:00014d49       @_EH4_TransferToHandler@8  10015d49 f   LIBCMT:exsup4.obj
 0001:00014d62       @_EH4_GlobalUnwind2@8      10015d62 f   LIBCMT:exsup4.obj
 0001:00014d7b       @_EH4_LocalUnwind@16       10015d7b f   LIBCMT:exsup4.obj
 0001:00014d92       __filbuf                   10015d92 f   LIBCMT:_filbuf.obj
 0001:00014eb4       _memcpy_s                  10015eb4 f   LIBCMT:memcpy_s.obj
 0001:00014f30       _memset                    10015f30 f   LIBCMT:memset.obj
 0001:00014fb0       _memcpy                    10015fb0 f   LIBCMT:memcpy.obj
 0001:00015311       __freebuf                  10016311 f   LIBCMT:_freebuf.obj
 0001:00015350       __aulldiv                  10016350 f   LIBCMT:ulldiv.obj
 0001:000153b8       __setenvp                  100163b8 f   LIBCMT:stdenvp.obj
 0001:0001562e       __setargv                  1001662e f   LIBCMT:stdargv.obj
 0001:000156e9       ___crtGetEnvironmentStringsA 100166e9 f   LIBCMT:a_env.obj
 0001:00015780       __RTC_Initialize           10016780 f   LIBCMT:_initsect_.obj
 0001:000157a6       __RTC_Terminate            100167a6 f   LIBCMT:_initsect_.obj
 0001:000157cc       __XcptFilter               100167cc f   LIBCMT:winxfltr.obj
 0001:00015916       ___CppXcptFilter           10016916 f   LIBCMT:winxfltr.obj
 0001:00015936       _DllMain@12                10016936 f   LIBCMT:dllmain.obj
 0001:0001593c       ___security_init_cookie    1001693c f   LIBCMT:gs_support.obj
 0001:000159d7       __mtinitlocks              100169d7 f   LIBCMT:mlock.obj
 0001:00015a21       __mtdeletelocks            10016a21 f   LIBCMT:mlock.obj
 0001:00015a78       __unlock                   10016a78 f   LIBCMT:mlock.obj
 0001:00015a8f       __mtinitlocknum            10016a8f f   LIBCMT:mlock.obj
 0001:00015b51       __lock                     10016b51 f   LIBCMT:mlock.obj
 0001:00015b84       __crt_debugger_hook        10016b84 f   LIBCMT:dbghook.obj
 0001:00015b90       __ValidateImageBase        10016b90 f   LIBCMT:pesect.obj
 0001:00015bd0       __FindPESection            10016bd0 f   LIBCMT:pesect.obj
 0001:00015c20       __IsNonwritableInCurrentImage 10016c20 f   LIBCMT:pesect.obj
 0001:00015cdc       __putwch_nolock            10016cdc f   LIBCMT:putwch.obj
 0001:00015d1e       __mbtowc_l                 10016d1e f   LIBCMT:mbtowc.obj
 0001:00015e34       _mbtowc                    10016e34 f   LIBCMT:mbtowc.obj
 0001:00015e4e       __isleadbyte_l             10016e4e f i LIBCMT:_wctype.obj
 0001:00015e86       _isleadbyte                10016e86 f i LIBCMT:_wctype.obj
 0001:00015e99       __isatty                   10016e99 f   LIBCMT:isatty.obj
 0001:00015eef       ?terminate@@YAXXZ          10016eef f   LIBCMT:hooks.obj
 0001:00015f28       __initp_eh_hooks           10016f28 f   LIBCMT:hooks.obj
 0001:00015f39       __initp_misc_winsig        10016f39 f   LIBCMT:winsig.obj
 0001:00015f8e       ___get_sigabrt             10016f8e f   LIBCMT:winsig.obj
 0001:00015f9b       _raise                     10016f9b f   LIBCMT:winsig.obj
 0001:0001613e       __initp_misc_rand_s        1001713e f   LIBCMT:rand_s.obj
 0001:0001614d       __initp_misc_purevirt      1001714d f   LIBCMT:inithelp.obj
 0001:00016212       ___onexitinit              10017212 f   LIBCMT:onexit.obj
 0001:00016243       __onexit                   10017243 f   LIBCMT:onexit.obj
 0001:0001627f       _atexit                    1001727f f   LIBCMT:onexit.obj
 0001:00016296       __initp_misc_cfltcvt_tab   10017296 f   LIBCMT:cmiscdat.obj
 0001:000162c0       _strlen                    100172c0 f   LIBCMT:strlen.obj
 0001:0001634b       ___crtMessageBoxW          1001734b f   LIBCMT:crtmboxw.obj
 0001:000164b7       _wcscat_s                  100174b7 f   LIBCMT:wcscat_s.obj
 0001:0001652c       _wcsncpy_s                 1001752c f   LIBCMT:wcsncpy_s.obj
 0001:000165f9       _wcslen                    100175f9 f   LIBCMT:wcslen.obj
 0001:00016614       _wcscpy_s                  10017614 f   LIBCMT:wcscpy_s.obj
 0001:00016677       __set_error_mode           10017677 f   LIBCMT:errmode.obj
 0001:000166b6       __getbuf                   100176b6 f   LIBCMT:_getbuf.obj
 0001:000166ff       __get_printf_count_output  100176ff f   LIBCMT:printf.obj
 0001:00016715       __wctomb_s_l               10017715 f   LIBCMT:wctomb.obj
 0001:0001686a       _wctomb_s                  1001786a f   LIBCMT:wctomb.obj
 0001:00016890       __aulldvrm                 10017890 f   LIBCMT:ulldvrm.obj
 0001:00016925       __freea                    10017925 f i LIBCMT:a_map.obj
 0001:00016b2c       ___crtLCMapStringA         10017b2c f   LIBCMT:a_map.obj
 0001:00016c59       ___crtGetStringTypeA       10017c59 f   LIBCMT:a_str.obj
 0001:00016c99       ___free_lc_time            10017c99 f   LIBCMT:inittime.obj
 0001:00017010       ___free_lconv_num          10018010 f   LIBCMT:initnum.obj
 0001:00017079       ___free_lconv_mon          10018079 f   LIBCMT:initmon.obj
 0001:00017177       ___report_gsfailure        10018177 f   LIBCMT:gs_report.obj
 0001:0001727d       __calloc_impl              1001827d f   LIBCMT:calloc_impl.obj
 0001:000172ff       _realloc                   100182ff f   LIBCMT:realloc.obj
 0001:000173ac       __fcloseall                100183ac f   LIBCMT:closeall.obj
 0001:00017448       __commit                   10018448 f   LIBCMT:commit.obj
 0001:00017c55       __open                     10018c55 f   LIBCMT:open.obj
 0001:00017c55       _open                      10018c55 f   LIBCMT:open.obj
 0001:00017d03       __sopen_helper             10018d03 f   LIBCMT:open.obj
 0001:00017dc7       __sopen_s                  10018dc7 f   LIBCMT:open.obj
 0001:00017de7       __mbsnbicmp_l              10018de7 f   LIBCMT:mbsnbicm.obj
 0001:00017feb       __mbsnbicmp                10018feb f   LIBCMT:mbsnbicm.obj
 0001:00018005       __mbsnbcmp_l               10019005 f   LIBCMT:mbsnbcmp.obj
 0001:00018151       __mbsnbcmp                 10019151 f   LIBCMT:mbsnbcmp.obj
 0001:00018170       __global_unwind2           10019170 f   LIBCMT:exsup.obj
 0001:000181d5       __local_unwind2            100191d5 f   LIBCMT:exsup.obj
 0001:00018259       __abnormal_termination     10019259 f   LIBCMT:exsup.obj
 0001:0001827c       __NLG_Notify1              1001927c f   LIBCMT:exsup.obj
 0001:00018285       __NLG_Notify               10019285 f   LIBCMT:exsup.obj
 0001:0001829c       __NLG_Dispatch             1001929c     LIBCMT:exsup.obj
 0001:0001829c       __NLG_Dispatch2            1001929c     LIBCMT:exsup.obj
 0001:000182a4       __NLG_Call                 100192a4 f   LIBCMT:exsup.obj
 0001:000182a6       __NLG_Return2              100192a6     LIBCMT:exsup.obj
 0001:000182a7       __VEC_memzero              100192a7 f   LIBCMT:p4_memset.obj
 0001:00018361       ___sse2_available_init     10019361 f   LIBCMT:cpu_disp.obj
 0001:00018371       __VEC_memcpy               10019371 f   LIBCMT:p4_memcpy.obj
 0001:000184c7       __ismbblead                100194c7 f   LIBCMT:ismbbyte.obj
 0001:000184df       ___initconout              100194df f   LIBCMT:initcon.obj
 0001:000184fe       ___termconout              100194fe f   LIBCMT:initcon.obj
 0001:00018515       _abort                     10019515 f   LIBCMT:abort.obj
 0001:00018548       __msize                    10019548 f   LIBCMT:msize.obj
 0001:0001857b       __fptrap                   1001957b f   LIBCMT:crt0fp.obj
 0001:00018590       __alloca_probe_16          10019590 f   LIBCMT:alloca16.obj
 0001:000185a6       __alloca_probe_8           100195a6     LIBCMT:alloca16.obj
 0001:000185bc       __strnicmp_l               100195bc f   LIBCMT:strnicmp.obj
 0001:0001869e       __strnicmp                 1001969e f   LIBCMT:strnicmp.obj
 0001:000186f1       _strncmp                   100196f1 f   LIBCMT:strncmp.obj
 0001:000187b1       __tolower_l                100197b1 f   LIBCMT:tolower.obj
 0001:000188d0       ___ascii_strnicmp          100198d0 f   LIBCMT:_strnicm.obj
 0001:00018931       __isctype_l                10019931 f   LIBCMT:isctype.obj
 0001:000189f0       _strcspn                   100199f0 f   LIBCMT:strcspn.obj
 0001:00018a40       _strcmp                    10019a40 f   LIBCMT:strcmp.obj
 0001:00018ad0       _strpbrk                   10019ad0 f   LIBCMT:strpbrk.obj
 0001:00018b10       __allmul                   10019b10 f   LIBCMT:llmul.obj
 0001:00018b44       _RtlUnwind@16              10019b44 f   kernel32:KERNEL32.dll
 0001:00018b50       __alldiv                   10019b50 f   LIBCMT:lldiv.obj
 0002:00000000       __imp__CreateFileA@28      1001a000     kernel32:KERNEL32.dll
 0002:00000004       __imp__SetFilePointer@16   1001a004     kernel32:KERNEL32.dll
 0002:00000008       __imp__WriteFile@20        1001a008     kernel32:KERNEL32.dll
 0002:0000000c       __imp__ReadFile@20         1001a00c     kernel32:KERNEL32.dll
 0002:00000010       __imp__CreateFileW@28      1001a010     kernel32:KERNEL32.dll
 0002:00000014       __imp__GetLastError@0      1001a014     kernel32:KERNEL32.dll
 0002:00000018       __imp__CloseHandle@4       1001a018     kernel32:KERNEL32.dll
 0002:0000001c       __imp__GetFileType@4       1001a01c     kernel32:KERNEL32.dll
 0002:00000020       __imp__HeapFree@12         1001a020     kernel32:KERNEL32.dll
 0002:00000024       __imp__HeapAlloc@12        1001a024     kernel32:KERNEL32.dll
 0002:00000028       __imp__WideCharToMultiByte@32 1001a028     kernel32:KERNEL32.dll
 0002:0000002c       __imp__GetSystemTimeAsFileTime@4 1001a02c     kernel32:KERNEL32.dll
 0002:00000030       __imp__GetCurrentThreadId@0 1001a030     kernel32:KERNEL32.dll
 0002:00000034       __imp__DecodePointer@4     1001a034     kernel32:KERNEL32.dll
 0002:00000038       __imp__GetCommandLineA@0   1001a038     kernel32:KERNEL32.dll
 0002:0000003c       __imp__SetHandleCount@4    1001a03c     kernel32:KERNEL32.dll
 0002:00000040       __imp__GetStdHandle@4      1001a040     kernel32:KERNEL32.dll
 0002:00000044       __imp__InitializeCriticalSectionAndSpinCount@8 1001a044     kernel32:KERNEL32.dll
 0002:00000048       __imp__GetStartupInfoW@4   1001a048     kernel32:KERNEL32.dll
 0002:0000004c       __imp__DeleteCriticalSection@4 1001a04c     kernel32:KERNEL32.dll
 0002:00000050       __imp__SetStdHandle@8      1001a050     kernel32:KERNEL32.dll
 0002:00000054       __imp__EnterCriticalSection@4 1001a054     kernel32:KERNEL32.dll
 0002:00000058       __imp__LeaveCriticalSection@4 1001a058     kernel32:KERNEL32.dll
 0002:0000005c       __imp__UnhandledExceptionFilter@4 1001a05c     kernel32:KERNEL32.dll
 0002:00000060       __imp__SetUnhandledExceptionFilter@4 1001a060     kernel32:KERNEL32.dll
 0002:00000064       __imp__IsDebuggerPresent@0 1001a064     kernel32:KERNEL32.dll
 0002:00000068       __imp__EncodePointer@4     1001a068     kernel32:KERNEL32.dll
 0002:0000006c       __imp__TerminateProcess@8  1001a06c     kernel32:KERNEL32.dll
 0002:00000070       __imp__GetCurrentProcess@0 1001a070     kernel32:KERNEL32.dll
 0002:00000074       __imp__GetConsoleCP@0      1001a074     kernel32:KERNEL32.dll
 0002:00000078       __imp__GetConsoleMode@8    1001a078     kernel32:KERNEL32.dll
 0002:0000007c       __imp__SetEndOfFile@4      1001a07c     kernel32:KERNEL32.dll
 0002:00000080       __imp__GetProcessHeap@0    1001a080     kernel32:KERNEL32.dll
 0002:00000084       __imp__MultiByteToWideChar@24 1001a084     kernel32:KERNEL32.dll
 0002:00000088       __imp__GetProcAddress@8    1001a088     kernel32:KERNEL32.dll
 0002:0000008c       __imp__GetModuleHandleW@4  1001a08c     kernel32:KERNEL32.dll
 0002:00000090       __imp__ExitProcess@4       1001a090     kernel32:KERNEL32.dll
 0002:00000094       __imp__HeapCreate@12       1001a094     kernel32:KERNEL32.dll
 0002:00000098       __imp__HeapDestroy@4       1001a098     kernel32:KERNEL32.dll
 0002:0000009c       __imp__GetModuleFileNameW@12 1001a09c     kernel32:KERNEL32.dll
 0002:000000a0       __imp__GetCPInfo@8         1001a0a0     kernel32:KERNEL32.dll
 0002:000000a4       __imp__InterlockedIncrement@4 1001a0a4     kernel32:KERNEL32.dll
 0002:000000a8       __imp__InterlockedDecrement@4 1001a0a8     kernel32:KERNEL32.dll
 0002:000000ac       __imp__GetACP@0            1001a0ac     kernel32:KERNEL32.dll
 0002:000000b0       __imp__GetOEMCP@0          1001a0b0     kernel32:KERNEL32.dll
 0002:000000b4       __imp__IsValidCodePage@4   1001a0b4     kernel32:KERNEL32.dll
 0002:000000b8       __imp__TlsAlloc@0          1001a0b8     kernel32:KERNEL32.dll
 0002:000000bc       __imp__TlsGetValue@4       1001a0bc     kernel32:KERNEL32.dll
 0002:000000c0       __imp__TlsSetValue@8       1001a0c0     kernel32:KERNEL32.dll
 0002:000000c4       __imp__TlsFree@4           1001a0c4     kernel32:KERNEL32.dll
 0002:000000c8       __imp__SetLastError@4      1001a0c8     kernel32:KERNEL32.dll
 0002:000000cc       __imp__Sleep@4             1001a0cc     kernel32:KERNEL32.dll
 0002:000000d0       __imp__RtlUnwind@16        1001a0d0     kernel32:KERNEL32.dll
 0002:000000d4       __imp__GetModuleFileNameA@12 1001a0d4     kernel32:KERNEL32.dll
 0002:000000d8       __imp__FreeEnvironmentStringsW@4 1001a0d8     kernel32:KERNEL32.dll
 0002:000000dc       __imp__GetEnvironmentStringsW@0 1001a0dc     kernel32:KERNEL32.dll
 0002:000000e0       __imp__QueryPerformanceCounter@4 1001a0e0     kernel32:KERNEL32.dll
 0002:000000e4       __imp__GetTickCount@0      1001a0e4     kernel32:KERNEL32.dll
 0002:000000e8       __imp__GetCurrentProcessId@0 1001a0e8     kernel32:KERNEL32.dll
 0002:000000ec       __imp__WriteConsoleW@20    1001a0ec     kernel32:KERNEL32.dll
 0002:000000f0       __imp__LoadLibraryW@4      1001a0f0     kernel32:KERNEL32.dll
 0002:000000f4       __imp__LCMapStringW@24     1001a0f4     kernel32:KERNEL32.dll
 0002:000000f8       __imp__GetStringTypeW@16   1001a0f8     kernel32:KERNEL32.dll
 0002:000000fc       __imp__HeapReAlloc@16      1001a0fc     kernel32:KERNEL32.dll
 0002:00000100       __imp__FlushFileBuffers@4  1001a100     kernel32:KERNEL32.dll
 0002:00000104       __imp__IsProcessorFeaturePresent@4 1001a104     kernel32:KERNEL32.dll
 0002:00000108       __imp__HeapSize@12         1001a108     kernel32:KERNEL32.dll
 0002:0000010c       \177KERNEL32_NULL_THUNK_DATA 1001a10c     kernel32:KERNEL32.dll
 0002:00000110       ___xc_a                    1001a110     LIBCMT:crt0init.obj
 0002:00000114       ___xc_z                    1001a114     LIBCMT:crt0init.obj
 0002:00000118       ___xi_a                    1001a118     LIBCMT:crt0init.obj
 0002:0000012c       ___xi_z                    1001a12c     LIBCMT:crt0init.obj
 0002:00000130       ___xp_a                    1001a130     LIBCMT:crt0init.obj
 0002:0000013c       ___xp_z                    1001a13c     LIBCMT:crt0init.obj
 0002:00000140       ___xt_a                    1001a140     LIBCMT:crt0init.obj
 0002:00000144       ___xt_z                    1001a144     LIBCMT:crt0init.obj
 0002:00000148       ??_C@_0EA@FCLIIPNN@Visual?5C?$CL?$CL?5CRT?3?5Not?5enough?5memor@ 1001a148     LIBCMT:strerror.obj
 0002:00000188       __pDefaultRawDllMain       1001a188     LIBCMT:dllcrt0.obj
 0002:00000188       __pRawDllMain              1001a188     LIBCMT:dllcrt0.obj
 0002:0000018c       ??_C@_0P@MIGLKIOC@CorExitProcess?$AA@ 1001a18c     LIBCMT:crt0dat.obj
 0002:0000019c       ??_C@_1BI@BGOHAHKC@?$AAm?$AAs?$AAc?$AAo?$AAr?$AAe?$AAe?$AA?4?$AAd?$AAl?$AAl?$AA?$AA@ 1001a19c     LIBCMT:crt0dat.obj
 0002:000001b4       ??_C@_1BO@BKOMIGKJ@?$AAr?$AAu?$AAn?$AAt?$AAi?$AAm?$AAe?$AA?5?$AAe?$AAr?$AAr?$AAo?$AAr?$AA?5?$AA?$AA@ 1001a1b4     LIBCMT:crt0msg.obj
 0002:000001d4       ??_C@_15JNBOKNOG@?$AA?$AN?$AA?6?$AA?$AA@ 1001a1d4     LIBCMT:crt0msg.obj
 0002:000001dc       ??_C@_1BM@JBBEPPHI@?$AAT?$AAL?$AAO?$AAS?$AAS?$AA?5?$AAe?$AAr?$AAr?$AAo?$AAr?$AA?$AN?$AA?6?$AA?$AA@ 1001a1dc     LIBCMT:crt0msg.obj
 0002:000001f8       ??_C@_1BK@KMOMNAAI@?$AAS?$AAI?$AAN?$AAG?$AA?5?$AAe?$AAr?$AAr?$AAo?$AAr?$AA?$AN?$AA?6?$AA?$AA@ 1001a1f8     LIBCMT:crt0msg.obj
 0002:00000214       ??_C@_1BO@BFCDCGC@?$AAD?$AAO?$AAM?$AAA?$AAI?$AAN?$AA?5?$AAe?$AAr?$AAr?$AAo?$AAr?$AA?$AN?$AA?6?$AA?$AA@ 1001a214     LIBCMT:crt0msg.obj
 0002:00000238       ??_C@_1BOO@KGEDBGAJ@?$AAR?$AA6?$AA0?$AA3?$AA3?$AA?$AN?$AA?6?$AA?9?$AA?5?$AAA?$AAt?$AAt?$AAe?$AAm?$AAp?$AAt?$AA?5?$AAt?$AAo?$AA?5?$AAu?$AAs?$AAe?$AA?5?$AAM?$AAS?$AAI?$AAL?$AA?5?$AAc?$AAo?$AAd@ 1001a238     LIBCMT:crt0msg.obj
 0002:00000428       ??_C@_1GG@GOPILAJP@?$AAR?$AA6?$AA0?$AA3?$AA2?$AA?$AN?$AA?6?$AA?9?$AA?5?$AAn?$AAo?$AAt?$AA?5?$AAe?$AAn?$AAo?$AAu?$AAg?$AAh?$AA?5?$AAs?$AAp?$AAa?$AAc?$AAe?$AA?5?$AAf?$AAo?$AAr?$AA?5?$AAl?$AAo@ 1001a428     LIBCMT:crt0msg.obj
 0002:00000490       ??_C@_1MG@ENCOOIDF@?$AAR?$AA6?$AA0?$AA3?$AA1?$AA?$AN?$AA?6?$AA?9?$AA?5?$AAA?$AAt?$AAt?$AAe?$AAm?$AAp?$AAt?$AA?5?$AAt?$AAo?$AA?5?$AAi?$AAn?$AAi?$AAt?$AAi?$AAa?$AAl?$AAi?$AAz?$AAe?$AA?5?$AAt@ 1001a490     LIBCMT:crt0msg.obj
 0002:00000558       ??_C@_1DO@BMFCDCD@?$AAR?$AA6?$AA0?$AA3?$AA0?$AA?$AN?$AA?6?$AA?9?$AA?5?$AAC?$AAR?$AAT?$AA?5?$AAn?$AAo?$AAt?$AA?5?$AAi?$AAn?$AAi?$AAt?$AAi?$AAa?$AAl?$AAi?$AAz?$AAe?$AAd?$AA?$AN?$AA?6?$AA?$AA@ 1001a558     LIBCMT:crt0msg.obj
 0002:00000598       ??_C@_1EK@HHFLMAOL@?$AAR?$AA6?$AA0?$AA2?$AA8?$AA?$AN?$AA?6?$AA?9?$AA?5?$AAu?$AAn?$AAa?$AAb?$AAl?$AAe?$AA?5?$AAt?$AAo?$AA?5?$AAi?$AAn?$AAi?$AAt?$AAi?$AAa?$AAl?$AAi?$AAz?$AAe?$AA?5?$AAh?$AAe@ 1001a598     LIBCMT:crt0msg.obj
 0002:000005e8       ??_C@_1GK@MFGOKLAG@?$AAR?$AA6?$AA0?$AA2?$AA7?$AA?$AN?$AA?6?$AA?9?$AA?5?$AAn?$AAo?$AAt?$AA?5?$AAe?$AAn?$AAo?$AAu?$AAg?$AAh?$AA?5?$AAs?$AAp?$AAa?$AAc?$AAe?$AA?5?$AAf?$AAo?$AAr?$AA?5?$AAl?$AAo@ 1001a5e8     LIBCMT:crt0msg.obj
 0002:00000658       ??_C@_1GK@MCAAGJMO@?$AAR?$AA6?$AA0?$AA2?$AA6?$AA?$AN?$AA?6?$AA?9?$AA?5?$AAn?$AAo?$AAt?$AA?5?$AAe?$AAn?$AAo?$AAu?$AAg?$AAh?$AA?5?$AAs?$AAp?$AAa?$AAc?$AAe?$AA?5?$AAf?$AAo?$AAr?$AA?5?$AAs?$AAt@ 1001a658     LIBCMT:crt0msg.obj
 0002:000006c8       ??_C@_1EM@MAADIHMB@?$AAR?$AA6?$AA0?$AA2?$AA5?$AA?$AN?$AA?6?$AA?9?$AA?5?$AAp?$AAu?$AAr?$AAe?$AA?5?$AAv?$AAi?$AAr?$AAt?$AAu?$AAa?$AAl?$AA?5?$AAf?$AAu?$AAn?$AAc?$AAt?$AAi?$AAo?$AAn?$AA?5?$AAc@ 1001a6c8     LIBCMT:crt0msg.obj
 0002:00000718       ??_C@_1GK@FHCKBEFA@?$AAR?$AA6?$AA0?$AA2?$AA4?$AA?$AN?$AA?6?$AA?9?$AA?5?$AAn?$AAo?$AAt?$AA?5?$AAe?$AAn?$AAo?$AAu?$AAg?$AAh?$AA?5?$AAs?$AAp?$AAa?$AAc?$AAe?$AA?5?$AAf?$AAo?$AAr?$AA?5?$AA_?$AAo@ 1001a718     LIBCMT:crt0msg.obj
 0002:00000788       ??_C@_1FC@ECHBIFBC@?$AAR?$AA6?$AA0?$AA1?$AA9?$AA?$AN?$AA?6?$AA?9?$AA?5?$AAu?$AAn?$AAa?$AAb?$AAl?$AAe?$AA?5?$AAt?$AAo?$AA?5?$AAo?$AAp?$AAe?$AAn?$AA?5?$AAc?$AAo?$AAn?$AAs?$AAo?$AAl?$AAe?$AA?5@ 1001a788     LIBCMT:crt0msg.obj
 0002:000007e0       ??_C@_1EC@JIBHAOPH@?$AAR?$AA6?$AA0?$AA1?$AA8?$AA?$AN?$AA?6?$AA?9?$AA?5?$AAu?$AAn?$AAe?$AAx?$AAp?$AAe?$AAc?$AAt?$AAe?$AAd?$AA?5?$AAh?$AAe?$AAa?$AAp?$AA?5?$AAe?$AAr?$AAr?$AAo?$AAr?$AA?$AN?$AA?6@ 1001a7e0     LIBCMT:crt0msg.obj
 0002:00000828       ??_C@_1FK@BEOGODMC@?$AAR?$AA6?$AA0?$AA1?$AA7?$AA?$AN?$AA?6?$AA?9?$AA?5?$AAu?$AAn?$AAe?$AAx?$AAp?$AAe?$AAc?$AAt?$AAe?$AAd?$AA?5?$AAm?$AAu?$AAl?$AAt?$AAi?$AAt?$AAh?$AAr?$AAe?$AAa?$AAd?$AA?5@ 1001a828     LIBCMT:crt0msg.obj
 0002:00000888       ??_C@_1FI@LOGNIKDM@?$AAR?$AA6?$AA0?$AA1?$AA6?$AA?$AN?$AA?6?$AA?9?$AA?5?$AAn?$AAo?$AAt?$AA?5?$AAe?$AAn?$AAo?$AAu?$AAg?$AAh?$AA?5?$AAs?$AAp?$AAa?$AAc?$AAe?$AA?5?$AAf?$AAo?$AAr?$AA?5?$AAt?$AAh@ 1001a888     LIBCMT:crt0msg.obj
 0002:000008e0       ??_C@_1EG@BEHAGFJD@?$AAR?$AA6?$AA0?$AA1?$AA0?$AA?$AN?$AA?6?$AA?9?$AA?5?$AAa?$AAb?$AAo?$AAr?$AAt?$AA?$CI?$AA?$CJ?$AA?5?$AAh?$AAa?$AAs?$AA?5?$AAb?$AAe?$AAe?$AAn?$AA?5?$AAc?$AAa?$AAl?$AAl?$AAe?$AAd@ 1001a8e0     LIBCMT:crt0msg.obj
 0002:00000928       ??_C@_1FI@HONFMGBI@?$AAR?$AA6?$AA0?$AA0?$AA9?$AA?$AN?$AA?6?$AA?9?$AA?5?$AAn?$AAo?$AAt?$AA?5?$AAe?$AAn?$AAo?$AAu?$AAg?$AAh?$AA?5?$AAs?$AAp?$AAa?$AAc?$AAe?$AA?5?$AAf?$AAo?$AAr?$AA?5?$AAe?$AAn@ 1001a928     LIBCMT:crt0msg.obj
 0002:00000980       ??_C@_1FE@LLNEDJMD@?$AAR?$AA6?$AA0?$AA0?$AA8?$AA?$AN?$AA?6?$AA?9?$AA?5?$AAn?$AAo?$AAt?$AA?5?$AAe?$AAn?$AAo?$AAu?$AAg?$AAh?$AA?5?$AAs?$AAp?$AAa?$AAc?$AAe?$AA?5?$AAf?$AAo?$AAr?$AA?5?$AAa?$AAr@ 1001a980     LIBCMT:crt0msg.obj
 0002:000009d8       ??_C@_1FK@PGACCAFB@?$AAR?$AA6?$AA0?$AA0?$AA2?$AA?$AN?$AA?6?$AA?9?$AA?5?$AAf?$AAl?$AAo?$AAa?$AAt?$AAi?$AAn?$AAg?$AA?5?$AAp?$AAo?$AAi?$AAn?$AAt?$AA?5?$AAs?$AAu?$AAp?$AAp?$AAo?$AAr?$AAt?$AA?5@ 1001a9d8     LIBCMT:crt0msg.obj
 0002:00000ae8       ??_C@_1EK@MBDPDCGA@?$AAM?$AAi?$AAc?$AAr?$AAo?$AAs?$AAo?$AAf?$AAt?$AA?5?$AAV?$AAi?$AAs?$AAu?$AAa?$AAl?$AA?5?$AAC?$AA?$CL?$AA?$CL?$AA?5?$AAR?$AAu?$AAn?$AAt?$AAi?$AAm?$AAe?$AA?5?$AAL?$AAi?$AAb@ 1001aae8     LIBCMT:crt0msg.obj
 0002:00000b34       ??_C@_15IABLJNFO@?$AA?6?$AA?6?$AA?$AA@ 1001ab34     LIBCMT:crt0msg.obj
 0002:00000b3c       ??_C@_17LGKOMLJ@?$AA?4?$AA?4?$AA?4?$AA?$AA@ 1001ab3c     LIBCMT:crt0msg.obj
 0002:00000b44       ??_C@_1CO@EAEJAADC@?$AA?$DM?$AAp?$AAr?$AAo?$AAg?$AAr?$AAa?$AAm?$AA?5?$AAn?$AAa?$AAm?$AAe?$AA?5?$AAu?$AAn?$AAk?$AAn?$AAo?$AAw?$AAn?$AA?$DO?$AA?$AA@ 1001ab44     LIBCMT:crt0msg.obj
 0002:00000b74       ??_C@_1DE@JNGNBFGO@?$AAR?$AAu?$AAn?$AAt?$AAi?$AAm?$AAe?$AA?5?$AAE?$AAr?$AAr?$AAo?$AAr?$AA?$CB?$AA?6?$AA?6?$AAP?$AAr?$AAo?$AAg?$AAr?$AAa?$AAm?$AA?3?$AA?5?$AA?$AA@ 1001ab74     LIBCMT:crt0msg.obj
 0002:00000ba8       ??_C@_1O@CEDCILHN@?$AA?$CI?$AAn?$AAu?$AAl?$AAl?$AA?$CJ?$AA?$AA@ 1001aba8     LIBCMT:output.obj
 0002:00000bb8       ??_C@_06OJHGLDPL@?$CInull?$CJ?$AA@ 1001abb8     LIBCMT:output.obj
 0002:00000bc0       ___lookuptable             1001abc0     LIBCMT:output.obj
 0002:00000c1c       ??_C@_1BC@GDGBMEMK@?$AAH?$AAH?$AA?3?$AAm?$AAm?$AA?3?$AAs?$AAs?$AA?$AA@ 1001ac1c     LIBCMT:nlsdata2.obj
 0002:00000c30       ??_C@_1CI@KNAKOEBC@?$AAd?$AAd?$AAd?$AAd?$AA?0?$AA?5?$AAM?$AAM?$AAM?$AAM?$AA?5?$AAd?$AAd?$AA?0?$AA?5?$AAy?$AAy?$AAy?$AAy?$AA?$AA@ 1001ac30     LIBCMT:nlsdata2.obj
 0002:00000c58       ??_C@_1BC@IEBCMHCM@?$AAM?$AAM?$AA?1?$AAd?$AAd?$AA?1?$AAy?$AAy?$AA?$AA@ 1001ac58     LIBCMT:nlsdata2.obj
 0002:00000c6c       ??_C@_15CLMNNGEL@?$AAP?$AAM?$AA?$AA@ 1001ac6c     LIBCMT:nlsdata2.obj
 0002:00000c74       ??_C@_15ODEHAHHF@?$AAA?$AAM?$AA?$AA@ 1001ac74     LIBCMT:nlsdata2.obj
 0002:00000c7c       ??_C@_1BC@FEMKIFH@?$AAD?$AAe?$AAc?$AAe?$AAm?$AAb?$AAe?$AAr?$AA?$AA@ 1001ac7c     LIBCMT:nlsdata2.obj
 0002:00000c90       ??_C@_1BC@BGLIFPF@?$AAN?$AAo?$AAv?$AAe?$AAm?$AAb?$AAe?$AAr?$AA?$AA@ 1001ac90     LIBCMT:nlsdata2.obj
 0002:00000ca4       ??_C@_1BA@EPANDLNG@?$AAO?$AAc?$AAt?$AAo?$AAb?$AAe?$AAr?$AA?$AA@ 1001aca4     LIBCMT:nlsdata2.obj
 0002:00000cb4       ??_C@_1BE@DKAAMBJL@?$AAS?$AAe?$AAp?$AAt?$AAe?$AAm?$AAb?$AAe?$AAr?$AA?$AA@ 1001acb4     LIBCMT:nlsdata2.obj
 0002:00000cc8       ??_C@_1O@PAHLKOAC@?$AAA?$AAu?$AAg?$AAu?$AAs?$AAt?$AA?$AA@ 1001acc8     LIBCMT:nlsdata2.obj
 0002:00000cd8       ??_C@_19BIFMLPCD@?$AAJ?$AAu?$AAl?$AAy?$AA?$AA@ 1001acd8     LIBCMT:nlsdata2.obj
 0002:00000ce4       ??_C@_19EPFLPGAP@?$AAJ?$AAu?$AAn?$AAe?$AA?$AA@ 1001ace4     LIBCMT:nlsdata2.obj
 0002:00000cf0       ??_C@_1M@GJNLMHFD@?$AAA?$AAp?$AAr?$AAi?$AAl?$AA?$AA@ 1001acf0     LIBCMT:nlsdata2.obj
 0002:00000cfc       ??_C@_1M@IKEENEDF@?$AAM?$AAa?$AAr?$AAc?$AAh?$AA?$AA@ 1001acfc     LIBCMT:nlsdata2.obj
 0002:00000d08       ??_C@_1BC@JGDDFFAM@?$AAF?$AAe?$AAb?$AAr?$AAu?$AAa?$AAr?$AAy?$AA?$AA@ 1001ad08     LIBCMT:nlsdata2.obj
 0002:00000d1c       ??_C@_1BA@EFMEIEBA@?$AAJ?$AAa?$AAn?$AAu?$AAa?$AAr?$AAy?$AA?$AA@ 1001ad1c     LIBCMT:nlsdata2.obj
 0002:00000d2c       ??_C@_17EGKACKIF@?$AAD?$AAe?$AAc?$AA?$AA@ 1001ad2c     LIBCMT:nlsdata2.obj
 0002:00000d34       ??_C@_17BBDMLCIG@?$AAN?$AAo?$AAv?$AA?$AA@ 1001ad34     LIBCMT:nlsdata2.obj
 0002:00000d3c       ??_C@_17FNLKOI@?$AAO?$AAc?$AAt?$AA?$AA@ 1001ad3c     LIBCMT:nlsdata2.obj
 0002:00000d44       ??_C@_17HCHCOKMG@?$AAS?$AAe?$AAp?$AA?$AA@ 1001ad44     LIBCMT:nlsdata2.obj
 0002:00000d4c       ??_C@_17ICPELBCN@?$AAA?$AAu?$AAg?$AA?$AA@ 1001ad4c     LIBCMT:nlsdata2.obj
 0002:00000d54       ??_C@_17IJPCKHK@?$AAJ?$AAu?$AAl?$AA?$AA@ 1001ad54     LIBCMT:nlsdata2.obj
 0002:00000d5c       ??_C@_17KCJGOCPB@?$AAJ?$AAu?$AAn?$AA?$AA@ 1001ad5c     LIBCMT:nlsdata2.obj
 0002:00000d64       ??_C@_17PNNKMEED@?$AAM?$AAa?$AAy?$AA?$AA@ 1001ad64     LIBCMT:nlsdata2.obj
 0002:00000d6c       ??_C@_17LFPOIHDD@?$AAA?$AAp?$AAr?$AA?$AA@ 1001ad6c     LIBCMT:nlsdata2.obj
 0002:00000d74       ??_C@_17CKNLEDEC@?$AAM?$AAa?$AAr?$AA?$AA@ 1001ad74     LIBCMT:nlsdata2.obj
 0002:00000d7c       ??_C@_17LMDJEKJN@?$AAF?$AAe?$AAb?$AA?$AA@ 1001ad7c     LIBCMT:nlsdata2.obj
 0002:00000d84       ??_C@_17DKNBKCHM@?$AAJ?$AAa?$AAn?$AA?$AA@ 1001ad84     LIBCMT:nlsdata2.obj
 0002:00000d8c       ??_C@_1BC@ENMNNPAJ@?$AAS?$AAa?$AAt?$AAu?$AAr?$AAd?$AAa?$AAy?$AA?$AA@ 1001ad8c     LIBCMT:nlsdata2.obj
 0002:00000da0       ??_C@_1O@PDICJHAG@?$AAF?$AAr?$AAi?$AAd?$AAa?$AAy?$AA?$AA@ 1001ada0     LIBCMT:nlsdata2.obj
 0002:00000db0       ??_C@_1BC@HHMNLIHE@?$AAT?$AAh?$AAu?$AAr?$AAs?$AAd?$AAa?$AAy?$AA?$AA@ 1001adb0     LIBCMT:nlsdata2.obj
 0002:00000dc4       ??_C@_1BE@EBOGMDOH@?$AAW?$AAe?$AAd?$AAn?$AAe?$AAs?$AAd?$AAa?$AAy?$AA?$AA@ 1001adc4     LIBCMT:nlsdata2.obj
 0002:00000dd8       ??_C@_1BA@ENFBFFEK@?$AAT?$AAu?$AAe?$AAs?$AAd?$AAa?$AAy?$AA?$AA@ 1001add8     LIBCMT:nlsdata2.obj
 0002:00000de8       ??_C@_1O@MMNBFLIA@?$AAM?$AAo?$AAn?$AAd?$AAa?$AAy?$AA?$AA@ 1001ade8     LIBCMT:nlsdata2.obj
 0002:00000df8       ??_C@_1O@IHNHDHPB@?$AAS?$AAu?$AAn?$AAd?$AAa?$AAy?$AA?$AA@ 1001adf8     LIBCMT:nlsdata2.obj
 0002:00000e08       ??_C@_17GGIBDPIH@?$AAS?$AAa?$AAt?$AA?$AA@ 1001ae08     LIBCMT:nlsdata2.obj
 0002:00000e10       ??_C@_17HFOLPPLP@?$AAF?$AAr?$AAi?$AA?$AA@ 1001ae10     LIBCMT:nlsdata2.obj
 0002:00000e18       ??_C@_17PDPHAADD@?$AAT?$AAh?$AAu?$AA?$AA@ 1001ae18     LIBCMT:nlsdata2.obj
 0002:00000e20       ??_C@_17CJEDCEPE@?$AAW?$AAe?$AAd?$AA?$AA@ 1001ae20     LIBCMT:nlsdata2.obj
 0002:00000e28       ??_C@_17BMKGEGOJ@?$AAT?$AAu?$AAe?$AA?$AA@ 1001ae28     LIBCMT:nlsdata2.obj
 0002:00000e30       ??_C@_17KBOMKBF@?$AAM?$AAo?$AAn?$AA?$AA@ 1001ae30     LIBCMT:nlsdata2.obj
 0002:00000e38       ??_C@_17MBGCMIPB@?$AAS?$AAu?$AAn?$AA?$AA@ 1001ae38     LIBCMT:nlsdata2.obj
 0002:00000e40       ??_C@_08JCCMCCIL@HH?3mm?3ss?$AA@ 1001ae40     LIBCMT:nlsdata2.obj
 0002:00000e4c       ??_C@_0BE@CKGJFCPC@dddd?0?5MMMM?5dd?0?5yyyy?$AA@ 1001ae4c     LIBCMT:nlsdata2.obj
 0002:00000e60       ??_C@_08BPBNCDIB@MM?1dd?1yy?$AA@ 1001ae60     LIBCMT:nlsdata2.obj
 0002:00000e6c       ??_C@_02CJNFDJBF@PM?$AA@   1001ae6c     LIBCMT:nlsdata2.obj
 0002:00000e70       ??_C@_02DEDBPAFC@AM?$AA@   1001ae70     LIBCMT:nlsdata2.obj
 0002:00000e74       ??_C@_08EDHMEBNP@December?$AA@ 1001ae74     LIBCMT:nlsdata2.obj
 0002:00000e80       ??_C@_08HCHEGEOA@November?$AA@ 1001ae80     LIBCMT:nlsdata2.obj
 0002:00000e8c       ??_C@_07JJNFCEND@October?$AA@ 1001ae8c     LIBCMT:nlsdata2.obj
 0002:00000e94       ??_C@_09BHHEALKD@September?$AA@ 1001ae94     LIBCMT:nlsdata2.obj
 0002:00000ea0       ??_C@_06LBBHFDDG@August?$AA@ 1001aea0     LIBCMT:nlsdata2.obj
 0002:00000ea8       ??_C@_04MIEPOIFP@July?$AA@ 1001aea8     LIBCMT:nlsdata2.obj
 0002:00000eb0       ??_C@_04CNLMGBGM@June?$AA@ 1001aeb0     LIBCMT:nlsdata2.obj
 0002:00000eb8       ??_C@_05DMJDNLEJ@April?$AA@ 1001aeb8     LIBCMT:nlsdata2.obj
 0002:00000ec0       ??_C@_05HPCKOFNC@March?$AA@ 1001aec0     LIBCMT:nlsdata2.obj
 0002:00000ec8       ??_C@_08GNJGEPFN@February?$AA@ 1001aec8     LIBCMT:nlsdata2.obj
 0002:00000ed4       ??_C@_07CGJPFGJA@January?$AA@ 1001aed4     LIBCMT:nlsdata2.obj
 0002:00000edc       ??_C@_03MKABNOCG@Dec?$AA@  1001aedc     LIBCMT:nlsdata2.obj
 0002:00000ee0       ??_C@_03JPJOFNIA@Nov?$AA@  1001aee0     LIBCMT:nlsdata2.obj
 0002:00000ee4       ??_C@_03BMAOKBAD@Oct?$AA@  1001aee4     LIBCMT:nlsdata2.obj
 0002:00000ee8       ??_C@_03GGCAPAJC@Sep?$AA@  1001aee8     LIBCMT:nlsdata2.obj
 0002:00000eec       ??_C@_03IFJFEIGA@Aug?$AA@  1001aeec     LIBCMT:nlsdata2.obj
 0002:00000ef0       ??_C@_03LBGABGKK@Jul?$AA@  1001aef0     LIBCMT:nlsdata2.obj
 0002:00000ef4       ??_C@_03IDFGHECI@Jun?$AA@  1001aef4     LIBCMT:nlsdata2.obj
 0002:00000ef8       ??_C@_03CNMDKL@May?$AA@    1001aef8     LIBCMT:nlsdata2.obj
 0002:00000efc       ??_C@_03LEOLGMJP@Apr?$AA@  1001aefc     LIBCMT:nlsdata2.obj
 0002:00000f00       ??_C@_03ODNJBKGA@Mar?$AA@  1001af00     LIBCMT:nlsdata2.obj
 0002:00000f04       ??_C@_03HJBDCHOM@Feb?$AA@  1001af04     LIBCMT:nlsdata2.obj
 0002:00000f08       ??_C@_03JIHJHPIE@Jan?$AA@  1001af08     LIBCMT:nlsdata2.obj
 0002:00000f0c       ??_C@_08INBOOONO@Saturday?$AA@ 1001af0c     LIBCMT:nlsdata2.obj
 0002:00000f18       ??_C@_06JECMNKMI@Friday?$AA@ 1001af18     LIBCMT:nlsdata2.obj
 0002:00000f20       ??_C@_08HACCIKIA@Thursday?$AA@ 1001af20     LIBCMT:nlsdata2.obj
 0002:00000f2c       ??_C@_09DLIGFAKA@Wednesday?$AA@ 1001af2c     LIBCMT:nlsdata2.obj
 0002:00000f38       ??_C@_07BAAGCFCM@Tuesday?$AA@ 1001af38     LIBCMT:nlsdata2.obj
 0002:00000f40       ??_C@_06JLEDEDGH@Monday?$AA@ 1001af40     LIBCMT:nlsdata2.obj
 0002:00000f48       ??_C@_06OOPIFAJ@Sunday?$AA@ 1001af48     LIBCMT:nlsdata2.obj
 0002:00000f50       ??_C@_03FEFJNEK@Sat?$AA@   1001af50     LIBCMT:nlsdata2.obj
 0002:00000f54       ??_C@_03IDIOELNC@Fri?$AA@  1001af54     LIBCMT:nlsdata2.obj
 0002:00000f58       ??_C@_03IOFIKPDN@Thu?$AA@  1001af58     LIBCMT:nlsdata2.obj
 0002:00000f5c       ??_C@_03MHOMLAJA@Wed?$AA@  1001af5c     LIBCMT:nlsdata2.obj
 0002:00000f60       ??_C@_03NAGEINEP@Tue?$AA@  1001af60     LIBCMT:nlsdata2.obj
 0002:00000f64       ??_C@_03PDAGKDH@Mon?$AA@   1001af64     LIBCMT:nlsdata2.obj
 0002:00000f68       ??_C@_03KOEHGMDN@Sun?$AA@  1001af68     LIBCMT:nlsdata2.obj
 0002:00000f6c       ??_C@_1BK@DBDEIDLH@?$AAK?$AAE?$AAR?$AAN?$AAE?$AAL?$AA3?$AA2?$AA?4?$AAD?$AAL?$AAL?$AA?$AA@ 1001af6c     LIBCMT:tidtable.obj
 0002:00000f88       ??_C@_07PEJMOBNF@FlsFree?$AA@ 1001af88     LIBCMT:tidtable.obj
 0002:00000f90       ??_C@_0M@JCPCPOEF@FlsSetValue?$AA@ 1001af90     LIBCMT:tidtable.obj
 0002:00000f9c       ??_C@_0M@GDNOONDI@FlsGetValue?$AA@ 1001af9c     LIBCMT:tidtable.obj
 0002:00000fa8       ??_C@_08KNHFBNJ@FlsAlloc?$AA@ 1001afa8     LIBCMT:tidtable.obj
 0002:00000fb4       ??_C@_0BG@KLEAJEFJ@Illegal?5byte?5sequence?$AA@ 1001afb4     LIBCMT:syserr.obj
 0002:00000fcc       ??_C@_0BE@ICMCHPHH@Directory?5not?5empty?$AA@ 1001afcc     LIBCMT:syserr.obj
 0002:00000fe0       ??_C@_0BJ@IHEHINLI@Function?5not?5implemented?$AA@ 1001afe0     LIBCMT:syserr.obj
 0002:00000ffc       ??_C@_0BD@CLHBCGPB@No?5locks?5available?$AA@ 1001affc     LIBCMT:syserr.obj
 0002:00001010       ??_C@_0BC@BEDIHIDK@Filename?5too?5long?$AA@ 1001b010     LIBCMT:syserr.obj
 0002:00001024       ??_C@_0BK@JAEBMJJM@Resource?5deadlock?5avoided?$AA@ 1001b024     LIBCMT:syserr.obj
 0002:00001040       ??_C@_0BB@FCBJFCAJ@Result?5too?5large?$AA@ 1001b040     LIBCMT:syserr.obj
 0002:00001054       ??_C@_0N@MMJPGLJK@Domain?5error?$AA@ 1001b054     LIBCMT:syserr.obj
 0002:00001064       ??_C@_0M@LHEPIIOM@Broken?5pipe?$AA@ 1001b064     LIBCMT:syserr.obj
 0002:00001070       ??_C@_0P@PKCJJLLM@Too?5many?5links?$AA@ 1001b070     LIBCMT:syserr.obj
 0002:00001080       ??_C@_0BG@DDBFNKBH@Read?9only?5file?5system?$AA@ 1001b080     LIBCMT:syserr.obj
 0002:00001098       ??_C@_0N@FEHLOILP@Invalid?5seek?$AA@ 1001b098     LIBCMT:syserr.obj
 0002:000010a8       ??_C@_0BI@FEALHKLD@No?5space?5left?5on?5device?$AA@ 1001b0a8     LIBCMT:syserr.obj
 0002:000010c0       ??_C@_0P@LFMMIPAE@File?5too?5large?$AA@ 1001b0c0     LIBCMT:syserr.obj
 0002:000010d0       ??_C@_0CE@ONOKNLPF@Inappropriate?5I?1O?5control?5operat@ 1001b0d0     LIBCMT:syserr.obj
 0002:000010f4       ??_C@_0BE@INBJMKGG@Too?5many?5open?5files?$AA@ 1001b0f4     LIBCMT:syserr.obj
 0002:00001108       ??_C@_0BO@IIFBODJE@Too?5many?5open?5files?5in?5system?$AA@ 1001b108     LIBCMT:syserr.obj
 0002:00001128       ??_C@_0BB@HMGGCEBG@Invalid?5argument?$AA@ 1001b128     LIBCMT:syserr.obj
 0002:0000113c       ??_C@_0P@NDHGCGKE@Is?5a?5directory?$AA@ 1001b13c     LIBCMT:syserr.obj
 0002:0000114c       ??_C@_0BA@CJBACOOL@Not?5a?5directory?$AA@ 1001b14c     LIBCMT:syserr.obj
 0002:0000115c       ??_C@_0P@NLEIANHE@No?5such?5device?$AA@ 1001b15c     LIBCMT:syserr.obj
 0002:0000116c       ??_C@_0O@OAMDNOCP@Improper?5link?$AA@ 1001b16c     LIBCMT:syserr.obj
 0002:0000117c       ??_C@_0M@NAAJNNGH@File?5exists?$AA@ 1001b17c     LIBCMT:syserr.obj
 0002:00001188       ??_C@_0BA@BIBLIOEK@Resource?5device?$AA@ 1001b188     LIBCMT:syserr.obj
 0002:00001198       ??_C@_0O@NIPGCINC@Unknown?5error?$AA@ 1001b198     LIBCMT:syserr.obj
 0002:000011a8       ??_C@_0M@LOEHLCJD@Bad?5address?$AA@ 1001b1a8     LIBCMT:syserr.obj
 0002:000011b4       ??_C@_0BC@HFNFNKAI@Permission?5denied?$AA@ 1001b1b4     LIBCMT:syserr.obj
 0002:000011c8       ??_C@_0BB@IMDKMPFB@Not?5enough?5space?$AA@ 1001b1c8     LIBCMT:syserr.obj
 0002:000011dc       ??_C@_0CB@EPFKGNAK@Resource?5temporarily?5unavailable@ 1001b1dc     LIBCMT:syserr.obj
 0002:00001200       ??_C@_0BD@LOHELEP@No?5child?5processes?$AA@ 1001b200     LIBCMT:syserr.obj
 0002:00001214       ??_C@_0BE@NFGDDCEF@Bad?5file?5descriptor?$AA@ 1001b214     LIBCMT:syserr.obj
 0002:00001228       ??_C@_0BC@HKPNECK@Exec?5format?5error?$AA@ 1001b228     LIBCMT:syserr.obj
 0002:0000123c       ??_C@_0BC@MFFGCDFL@Arg?5list?5too?5long?$AA@ 1001b23c     LIBCMT:syserr.obj
 0002:00001250       ??_C@_0BK@DPKMCKJ@No?5such?5device?5or?5address?$AA@ 1001b250     LIBCMT:syserr.obj
 0002:0000126c       ??_C@_0BD@KKNFOBBD@Input?1output?5error?$AA@ 1001b26c     LIBCMT:syserr.obj
 0002:00001280       ??_C@_0BK@FJBOAFDK@Interrupted?5function?5call?$AA@ 1001b280     LIBCMT:syserr.obj
 0002:0000129c       ??_C@_0BA@FKIAIBGA@No?5such?5process?$AA@ 1001b29c     LIBCMT:syserr.obj
 0002:000012ac       ??_C@_0BK@FMDHKPNF@No?5such?5file?5or?5directory?$AA@ 1001b2ac     LIBCMT:syserr.obj
 0002:000012c8       ??_C@_0BI@BJFCGOHL@Operation?5not?5permitted?$AA@ 1001b2c8     LIBCMT:syserr.obj
 0002:000012e0       ??_C@_08INEPGKHH@No?5error?$AA@ 1001b2e0     LIBCMT:syserr.obj
 0002:00001310       __XcptActTab               1001b310     LIBCMT:winxfltr.obj
 0002:000013a0       __First_FPE_Indx           1001b3a0     LIBCMT:winxfltr.obj
 0002:000013a4       __Num_FPE                  1001b3a4     LIBCMT:winxfltr.obj
 0002:000013a8       __XcptActTabSize           1001b3a8     LIBCMT:winxfltr.obj
 0002:000013ac       __XcptActTabCount          1001b3ac     LIBCMT:winxfltr.obj
 0002:000013b0       ??_C@_0BI@DFKBFLJE@GetProcessWindowStation?$AA@ 1001b3b0     LIBCMT:crtmboxw.obj
 0002:000013c8       ??_C@_0BK@DEKFELLI@GetUserObjectInformationW?$AA@ 1001b3c8     LIBCMT:crtmboxw.obj
 0002:000013e4       ??_C@_0BD@HHGDFDBJ@GetLastActivePopup?$AA@ 1001b3e4     LIBCMT:crtmboxw.obj
 0002:000013f8       ??_C@_0BA@HNOPNCHB@GetActiveWindow?$AA@ 1001b3f8     LIBCMT:crtmboxw.obj
 0002:00001408       ??_C@_0M@DLDCCGNP@MessageBoxW?$AA@ 1001b408     LIBCMT:crtmboxw.obj
 0002:00001414       ??_C@_1BG@GOEBHBDC@?$AAU?$AAS?$AAE?$AAR?$AA3?$AA2?$AA?4?$AAD?$AAL?$AAL?$AA?$AA@ 1001b414     LIBCMT:crtmboxw.obj
 0002:00001430       ___newctype                1001b430     LIBCMT:ctype.obj
 0002:00001730       __wctype                   1001b730     LIBCMT:ctype.obj
 0002:00001938       ___newclmap                1001b938     LIBCMT:ctype.obj
 0002:00001ab8       ___newcumap                1001bab8     LIBCMT:ctype.obj
 0002:00001c40       ??_C@_1BA@BALFACEM@?$AAC?$AAO?$AAN?$AAO?$AAU?$AAT?$AA$?$AA?$AA@ 1001bc40     LIBCMT:initcon.obj
 0002:00001c50       ___lookuptable_s           1001bc50     LIBCMT:outputs.obj
 0002:00001d30       ??_C@_05IAIEPMAK@1?42?48?$AA@ 1001bd30     compress.obj
 0002:00001d38       _z_errmsg                  1001bd38     zutil.obj
 0002:00001d60       _zip_copyright             1001bd60     zip.obj
 0002:00001db0       _unz_copyright             1001bdb0     unzip.obj
 0002:00002450       __dist_code                1001c450     trees.obj
 0002:00002650       __length_code              1001c650     trees.obj
 0002:00002840       _inflate_copyright         1001c840     inftrees.obj
 0002:00003ac0       _deflate_copyright         1001dac0     deflate.obj
 0002:00005b88       ??_C@_02DKCKIIND@?$CFs?$AA@ 1001fb88     gzlib.obj
 0002:00005b8c       ??_C@_07EBNKNFJN@?$DMfd?3?$CFd?$DO?$AA@ 1001fb8c     gzlib.obj
 0002:00005b94       ??_C@_0O@BNNCBLEN@out?5of?5memory?$AA@ 1001fb94     gzlib.obj
 0002:00005ba2       ??_C@_00CNPNBAHC@?$AA@     1001fba2     gzlib.obj
 0002:00005ba4       ??_C@_02LMMGGCAJ@?3?5?$AA@ 1001fba4     gzlib.obj
 0002:00005ba8       ??_C@_06DIJPEION@?$CFs?$CFs?$CFs?$AA@ 1001fba8     gzlib.obj
 0002:00005bb0       ??_C@_0BH@CFIIDOJD@unexpected?5end?5of?5file?$AA@ 1001fbb0     gzread.obj
 0002:00005bc8       ??_C@_0CH@CPOLIEKA@internal?5error?3?5inflate?5stream?5c@ 1001fbc8     gzread.obj
 0002:00005bf0       ??_C@_0BG@HCKBMIHF@compressed?5data?5error?$AA@ 1001fbf0     gzread.obj
 0002:00005c08       ??_C@_0CF@MLPJFDMM@requested?5length?5does?5not?5fit?5in@ 1001fc08     gzread.obj
 0002:00005c30       ??_C@_0BP@IIKIGMCC@out?5of?5room?5to?5push?5characters?$AA@ 1001fc30     gzread.obj
 0002:00005c50       ??_C@_0CH@DEEGAHIB@internal?5error?3?5deflate?5stream?5c@ 1001fc50     gzwrite.obj
 0002:00005c78       ??_C@_0BD@PJCBIDD@invalid?5block?5type?$AA@ 1001fc78     infback.obj
 0002:00005c8c       ??_C@_0BN@LGAADGOK@invalid?5stored?5block?5lengths?$AA@ 1001fc8c     infback.obj
 0002:00005cac       ??_C@_0CE@GMIGFPBB@too?5many?5length?5or?5distance?5symb@ 1001fcac     infback.obj
 0002:00005cd0       ??_C@_0BJ@HDEPPGOH@invalid?5code?5lengths?5set?$AA@ 1001fcd0     infback.obj
 0002:00005cec       ??_C@_0BK@BMMPFBBH@invalid?5bit?5length?5repeat?$AA@ 1001fcec     infback.obj
 0002:00005d08       ??_C@_0CF@DGDMADCD@invalid?5code?5?9?9?5missing?5end?9of?9b@ 1001fd08     infback.obj
 0002:00005d30       ??_C@_0BM@IIMGAINC@invalid?5literal?1lengths?5set?$AA@ 1001fd30     infback.obj
 0002:00005d4c       ??_C@_0BG@GMDFCBGP@invalid?5distances?5set?$AA@ 1001fd4c     infback.obj
 0002:00005d64       ??_C@_0BM@FFFLPBBC@invalid?5literal?1length?5code?$AA@ 1001fd64     infback.obj
 0002:00005d80       ??_C@_0BG@LBKINIKP@invalid?5distance?5code?$AA@ 1001fd80     infback.obj
 0002:00005d98       ??_C@_0BO@ECPMAOGG@invalid?5distance?5too?5far?5back?$AA@ 1001fd98     infback.obj
 0002:00005db8       ??_C@_0BH@LIBMMIGA@incorrect?5header?5check?$AA@ 1001fdb8     inflate.obj
 0002:00005dd0       ??_C@_0BL@IHKGDAEE@unknown?5compression?5method?$AA@ 1001fdd0     inflate.obj
 0002:00005dec       ??_C@_0BE@EMOGCLGO@invalid?5window?5size?$AA@ 1001fdec     inflate.obj
 0002:00005e00       ??_C@_0BJ@BLBBCOMO@unknown?5header?5flags?5set?$AA@ 1001fe00     inflate.obj
 0002:00005e1c       ??_C@_0BE@GONKLEPM@header?5crc?5mismatch?$AA@ 1001fe1c     inflate.obj
 0002:00005e30       ??_C@_0BF@MEIGEHBE@incorrect?5data?5check?$AA@ 1001fe30     inflate.obj
 0002:00005e48       ??_C@_0BH@FGKKJGOC@incorrect?5length?5check?$AA@ 1001fe48     inflate.obj
 0002:00005e60       ??_C@_02JDPG@rb?$AA@       1001fe60     ioapi.obj
 0002:00005e64       ??_C@_03HMFOOINA@r?$CLb?$AA@ 1001fe64     ioapi.obj
 0002:00005e68       ??_C@_02GMLFBBN@wb?$AA@    1001fe68     ioapi.obj
 0002:00005e6c       ??_C@_01JOAMLHOP@?9?$AA@   1001fe6c     zip.obj
 0002:00005e70       ??_C@_0BF@CJFPCCEG@incompatible?5version?$AA@ 1001fe70     zutil.obj
 0002:00005e88       ??_C@_0N@DFPGLBGC@buffer?5error?$AA@ 1001fe88     zutil.obj
 0002:00005e98       ??_C@_0BE@OGGJBMCE@insufficient?5memory?$AA@ 1001fe98     zutil.obj
 0002:00005eac       ??_C@_0L@HAHMBNLP@data?5error?$AA@ 1001feac     zutil.obj
 0002:00005eb8       ??_C@_0N@MKKNPMJD@stream?5error?$AA@ 1001feb8     zutil.obj
 0002:00005ec8       ??_C@_0L@KIJFAKBJ@file?5error?$AA@ 1001fec8     zutil.obj
 0002:00005ed4       ??_C@_0L@FNAOCBOG@stream?5end?$AA@ 1001fed4     zutil.obj
 0002:00005ee0       ??_C@_0BA@MOKMMFOD@need?5dictionary?$AA@ 1001fee0     zutil.obj
 0002:00005ef0       ___rtc_iaa                 1001fef0     LIBCMT:_initsect_.obj
 0002:00005ef4       ___rtc_izz                 1001fef4     LIBCMT:_initsect_.obj
 0002:00005ef8       ___rtc_taa                 1001fef8     LIBCMT:_initsect_.obj
 0002:00005efc       ___rtc_tzz                 1001fefc     LIBCMT:_initsect_.obj
 0002:0000631c       __IMPORT_DESCRIPTOR_KERNEL32 1002031c     kernel32:KERNEL32.dll
 0002:00006330       __NULL_IMPORT_DESCRIPTOR   10020330     kernel32:KERNEL32.dll
 0003:00000180       ___badioinfo               10022180     LIBCMT:ioinit.obj
 0003:000001c0       __lookuptrailbytes         100221c0     LIBCMT:read.obj
 0003:000002c0       ___nullstring              100222c0     LIBCMT:output.obj
 0003:000002c4       ___wnullstring             100222c4     LIBCMT:output.obj
 0003:000002c8       ___initialmbcinfo          100222c8     LIBCMT:mbctype.obj
 0003:000004e8       __mbctype                  100224e8     LIBCMT:mbctype.obj
 0003:000005f0       __mbcasemap                100225f0     LIBCMT:mbctype.obj
 0003:000006f0       ___ptmbcinfo               100226f0     LIBCMT:mbctype.obj
 0003:000007e8       ___globallocalestatus      100227e8     LIBCMT:glstatus.obj
 0003:000007ec       ___clocalestr              100227ec     LIBCMT:nlsdata2.obj
 0003:000007f0       ___lc_time_c               100227f0     LIBCMT:nlsdata2.obj
 0003:00000958       ___initiallocinfo          10022958     LIBCMT:nlsdata2.obj
 0003:00000a30       ___ptlocinfo               10022a30     LIBCMT:nlsdata2.obj
 0003:00000a34       ___flsindex                10022a34     LIBCMT:tidtable.obj
 0003:00000a38       ___getvalueindex           10022a38     LIBCMT:tidtable.obj
 0003:00000a3c       ___security_cookie         10022a3c     LIBCMT:gs_cookie.obj
 0003:00000a40       ___security_cookie_complement 10022a40     LIBCMT:gs_cookie.obj
 0003:00000a48       __sys_errlist              10022a48     LIBCMT:syserr.obj
 0003:00000af8       __sys_nerr                 10022af8     LIBCMT:syserr.obj
 0003:00000b00       __iob                      10022b00     LIBCMT:_file.obj
 0003:00000ea0       __cfltcvt_tab              10022ea0     LIBCMT:cmiscdat.obj
 0003:00000ed0       ___lconv_static_decimal    10022ed0     LIBCMT:lconv.obj
 0003:00000ed4       ___lconv_static_W_decimal  10022ed4     LIBCMT:lconv.obj
 0003:00000ed8       ___lconv_c                 10022ed8     LIBCMT:lconv.obj
 0003:00000f28       ___lconv                   10022f28     LIBCMT:lconv.obj
 0003:00000f2c       __pctype                   10022f2c     LIBCMT:ctype.obj
 0003:00000f30       __pwctype                  10022f30     LIBCMT:ctype.obj
 0003:00000f40       __NLG_Destination          10022f40     LIBCMT:exsup.obj
 0003:00000f50       __confh                    10022f50     LIBCMT:initcon.obj
 0003:00000f54       ___abort_behavior          10022f54     LIBCMT:abort.obj
 0003:00000f64       ___mb_cur_max              10022f64     LIBCMT:nlsdata1.obj
 0003:00000f68       ___decimal_point           10022f68     LIBCMT:nlsdata1.obj
 0003:00000f6c       ___decimal_point_length    10022f6c     LIBCMT:nlsdata1.obj
 0003:00000fc4       __aenvptr                  10022fc4     LIBCMT:dllcrt0.obj
 0003:00000fc8       __wenvptr                  10022fc8     LIBCMT:dllcrt0.obj
 0003:00000fcc       ___error_mode              10022fcc     LIBCMT:dllcrt0.obj
 0003:00000fd0       ___app_type                10022fd0     LIBCMT:dllcrt0.obj
 0003:00000fd4       ___pInvalidArgHandler      10022fd4     LIBCMT:invarg.obj
 0003:00000fd8       __umaskval                 10022fd8     LIBCMT:crt0dat.obj
 0003:00000fdc       ___argc                    10022fdc     LIBCMT:crt0dat.obj
 0003:00000fe0       ___argv                    10022fe0     LIBCMT:crt0dat.obj
 0003:00000fe4       ___wargv                   10022fe4     LIBCMT:crt0dat.obj
 0003:00000fe8       __environ                  10022fe8     LIBCMT:crt0dat.obj
 0003:00000fec       ___initenv                 10022fec     LIBCMT:crt0dat.obj
 0003:00000ff0       __wenviron                 10022ff0     LIBCMT:crt0dat.obj
 0003:00000ff4       ___winitenv                10022ff4     LIBCMT:crt0dat.obj
 0003:00000ff8       __pgmptr                   10022ff8     LIBCMT:crt0dat.obj
 0003:00000ffc       __wpgmptr                  10022ffc     LIBCMT:crt0dat.obj
 0003:00001000       __exitflag                 10023000     LIBCMT:crt0dat.obj
 0003:00001004       __C_Termination_Done       10023004     LIBCMT:crt0dat.obj
 0003:00001008       __C_Exit_Done              10023008     LIBCMT:crt0dat.obj
 0003:0000100c       __crtheap                  1002300c     LIBCMT:heapinit.obj
 0003:00001638       ?_pnhHeap@@3P6AHI@ZA       10023638     LIBCMT:handler.obj
 0003:0000163c       __newmode                  1002363c     LIBCMT:_newmode.obj
 0003:00001644       ___mbulinfo                10023644     LIBCMT:mbctype.obj
 0003:00001650       ___mbcodepage              10023650     LIBCMT:mbctype.obj
 0003:00001654       ___ismbcodepage            10023654     LIBCMT:mbctype.obj
 0003:00001658       ___mblcid                  10023658     LIBCMT:mbctype.obj
 0003:0000165c       _gpFlsAlloc                1002365c     LIBCMT:tidtable.obj
 0003:00001660       _gpFlsGetValue             10023660     LIBCMT:tidtable.obj
 0003:00001664       _gpFlsSetValue             10023664     LIBCMT:tidtable.obj
 0003:00001668       _gpFlsFree                 10023668     LIBCMT:tidtable.obj
 0003:0000166c       __maxwait                  1002366c     LIBCMT:crtheap.obj
 0003:00001670       __cflush                   10023670     LIBCMT:_file.obj
 0003:000018d0       ?__pInconsistency@@3P6AXXZA 100238d0     LIBCMT:hooks.obj
 0003:000018ec       ___pPurecall               100238ec     LIBCMT:inithelp.obj
 0003:000018f0       __fmode                    100238f0     LIBCMT:txtmode.obj
 0003:0000190c       ___lconv_static_null       1002390c     LIBCMT:lconv.obj
 0003:00001910       ___lconv_static_W_null     10023910     LIBCMT:lconv.obj
 0003:00001c3c       __commode                  10023c3c     LIBCMT:ncommode.obj
 0003:00001c40       __stdbuf                   10023c40     LIBCMT:_sftbuf.obj
 0003:00001c48       ___locale_changed          10023c48     LIBCMT:setlocal.obj
 0003:00001c50       ___sse2_available          10023c50     <common>
 0003:00001c54       __debugger_hook_dummy      10023c54     <common>
 0003:00001c58       ___piob                    10023c58     <common>
 0003:00001c60       __bufin                    10023c60     <common>
 0003:00002c60       __nstream                  10024c60     <common>
 0003:00002c64       ___env_initialized         10024c64     <common>
 0003:00002c68       ___onexitend               10024c68     <common>
 0003:00002c6c       ___onexitbegin             10024c6c     <common>
 0003:00002c70       ___mbctype_initialized     10024c70     <common>
 0003:00002c74       __FPinit                   10024c74     <common>
 0003:00002c78       ___dyn_tls_init_callback   10024c78     <common>
 0003:00002c7c       __pDestructExceptionObject 10024c7c     <common>
 0003:00002c80       __nhandle                  10024c80     <common>
 0003:00002ca0       ___pioinfo                 10024ca0     <common>
 0003:00002da0       __acmdln                   10024da0     <common>

 entry point at        0001:0001036c

 Static symbols

 0001:00000270       _adler32_combine_          10001270 f    CIL library: CIL module
 0001:00000470       _crc32_little              10001470 f    CIL library: CIL module
 0001:00000730       _gf2_matrix_times          10001730 f    CIL library: CIL module
 0001:00000750       _gf2_matrix_square         10001750 f    CIL library: CIL module
 0001:00000780       _crc32_combine_            10001780 f    CIL library: CIL module
 0001:00001090       _putShortMSB               10002090 f    CIL library: CIL module
 0001:000010c0       _flush_pending             100020c0 f    CIL library: CIL module
 0001:00001bf0       _read_buf                  10002bf0 f    CIL library: CIL module
 0001:00001c60       _lm_init                   10002c60 f    CIL library: CIL module
 0001:00001d00       _fill_window               10002d00 f    CIL library: CIL module
 0001:00001ed0       _deflate_stored            10002ed0 f    CIL library: CIL module
 0001:00002060       _deflate_fast              10003060 f    CIL library: CIL module
 0001:00002390       _deflate_slow              10003390 f    CIL library: CIL module
 0001:00002790       _deflate_rle               10003790 f    CIL library: CIL module
 0001:00002a40       _deflate_huff              10003a40 f    CIL library: CIL module
 0001:00002bd0       _gz_reset                  10003bd0 f    CIL library: CIL module
 0001:00002c10       _gz_open                   10003c10 f    CIL library: CIL module
 0001:00003470       _gz_load                   10004470 f    CIL library: CIL module
 0001:000034e0       _gz_avail                  100044e0 f    CIL library: CIL module
 0001:00003550       _gz_look                   10004550 f    CIL library: CIL module
 0001:000036c0       _gz_decomp                 100046c0 f    CIL library: CIL module
 0001:000037c0       _gz_fetch                  100047c0 f    CIL library: CIL module
 0001:00003840       _gz_skip                   10004840 f    CIL library: CIL module
 0001:00003d70       _gz_init                   10004d70 f    CIL library: CIL module
 0001:00003e40       _gz_comp                   10004e40 f    CIL library: CIL module
 0001:00003f70       _gz_zero                   10004f70 f    CIL library: CIL module
 0001:000045f0       _fixedtables               100055f0 f    CIL library: CIL module
 0001:000055e0       _fixedtables               100065e0 f    CIL library: CIL module
 0001:00005600       _updatewindow              10006600 f    CIL library: CIL module
 0001:00006da0       _syncsearch                10007da0 f    CIL library: CIL module
 0001:00007610       _fopen64_file_func         10008610 f    CIL library: CIL module
 0001:00007660       _fread_file_func           10008660 f    CIL library: CIL module
 0001:00007680       _fwrite_file_func          10008680 f    CIL library: CIL module
 0001:000076a0       _ftell64_file_func         100086a0 f    CIL library: CIL module
 0001:000076c0       _fseek64_file_func         100086c0 f    CIL library: CIL module
 0001:00007710       _fclose_file_func          10008710 f    CIL library: CIL module
 0001:00007730       _ferror_file_func          10008730 f    CIL library: CIL module
 0001:00007790       _win32_translate_open_mode 10008790 f    CIL library: CIL module
 0001:00007800       _win32_build_iowin         10008800 f    CIL library: CIL module
 0001:000079a0       _MySetFilePointerEx        100089a0 f    CIL library: CIL module
 0001:00007cc0       _init_block                10008cc0 f    CIL library: CIL module
 0001:00007d40       _pqdownheap                10008d40 f    CIL library: CIL module
 0001:00007e20       _gen_bitlen                10008e20 f    CIL library: CIL module
 0001:00008020       _gen_codes                 10009020 f    CIL library: CIL module
 0001:00008080       _build_tree                10009080 f    CIL library: CIL module
 0001:00008280       _scan_tree                 10009280 f    CIL library: CIL module
 0001:00008360       _send_tree                 10009360 f    CIL library: CIL module
 0001:000088e0       _build_bl_tree             100098e0 f    CIL library: CIL module
 0001:000089b0       _send_all_trees            100099b0 f    CIL library: CIL module
 0001:00008fa0       _compress_block            10009fa0 f    CIL library: CIL module
 0001:00009380       _detect_data_type          1000a380 f    CIL library: CIL module
 0001:000093f0       _bi_reverse                1000a3f0 f    CIL library: CIL module
 0001:00009410       _bi_flush                  1000a410 f    CIL library: CIL module
 0001:00009490       _bi_windup                 1000a490 f    CIL library: CIL module
 0001:000094f0       _copy_block                1000a4f0 f    CIL library: CIL module
 0001:00009610       _unz64local_getShort       1000a610 f    CIL library: CIL module
 0001:00009670       _unz64local_getLong        1000a670 f    CIL library: CIL module
 0001:00009700       _unz64local_getLong64      1000a700 f    CIL library: CIL module
 0001:00009840       _strcmpcasenosensitive_internal 1000a840 f    CIL library: CIL module
 0001:000098e0       _zip64local_SearchCentralDir 1000a8e0 f    CIL library: CIL module
 0001:000098e0       _unz64local_SearchCentralDir 1000a8e0 f    CIL library: CIL module
 0001:00009a90       _unz64local_SearchCentralDir64 1000aa90 f    CIL library: CIL module
 0001:00009d20       _unzOpenInternal           1000ad20 f    CIL library: CIL module
 0001:0000a2d0       _unz64local_DosDateToTmuDate 1000b2d0 f    CIL library: CIL module
 0001:0000a350       _unz64local_GetCurrentFileInfoInternal 1000b350 f    CIL library: CIL module
 0001:0000ad40       _unz64local_CheckCurrentFileCoherencyHeader 1000bd40 f    CIL library: CIL module
 0001:0000b790       _decrypt_byte              1000c790 f    CIL library: CIL module
 0001:0000b7b0       _update_keys               1000c7b0 f    CIL library: CIL module
 0001:0000b7f0       _init_keys                 1000c7f0 f    CIL library: CIL module
 0001:0000b830       _crypthead                 1000c830 f    CIL library: CIL module
 0001:0000b940       _allocate_new_datablock    1000c940 f    CIL library: CIL module
 0001:0000b970       _free_datablock            1000c970 f    CIL library: CIL module
 0001:0000b990       _init_linkedlist           1000c990 f    CIL library: CIL module
 0001:0000b9a0       _free_linkedlist           1000c9a0 f    CIL library: CIL module
 0001:0000b9c0       _add_data_in_datablock     1000c9c0 f    CIL library: CIL module
 0001:0000ba70       _zip64local_putValue       1000ca70 f    CIL library: CIL module
 0001:0000bad0       _zip64local_putValue_inmemory 1000cad0 f    CIL library: CIL module
 0001:0000bb10       _zip64local_TmzDateToDosDate 1000cb10 f    CIL library: CIL module
 0001:0000bb60       _unz64local_getByte        1000cb60 f    CIL library: CIL module
 0001:0000bb60       _zip64local_getByte        1000cb60 f    CIL library: CIL module
 0001:0000bba0       _zip64local_getShort       1000cba0 f    CIL library: CIL module
 0001:0000bc00       _zip64local_getLong        1000cc00 f    CIL library: CIL module
 0001:0000bc90       _zip64local_getLong64      1000cc90 f    CIL library: CIL module
 0001:0000bdd0       _zip64local_SearchCentralDir64 1000cdd0 f    CIL library: CIL module
 0001:0000d020       _zip64FlushWriteBuffer     1000e020 f    CIL library: CIL module
 0001:0000e772       __tsopen_nolock            1000f772 f   LIBCMT:wopen.obj
 0001:00010276       ___DllMainCRTStartup       10011276 f   LIBCMT:dllcrt0.obj
 0001:000120cb       _doexit                    100130cb f   LIBCMT:crt0dat.obj
 0001:00012711       _write_char                10013711 f   LIBCMT:output.obj
 0001:00012744       _write_string              10013744 f   LIBCMT:output.obj
 0001:00013477       ?CPtoLCID@@YAHH@Z          10014477 f   LIBCMT:mbctype.obj
 0001:000134a6       ?setSBCS@@YAXPAUthreadmbcinfostruct@@@Z 100144a6 f   LIBCMT:mbctype.obj
 0001:0001350a       ?setSBUpLow@@YAXPAUthreadmbcinfostruct@@@Z 1001450a f   LIBCMT:mbctype.obj
 0001:0001373e       ?getSystemCP@@YAHH@Z       1001473e f   LIBCMT:mbctype.obj
 0001:00014790       _flsall                    10015790 f   LIBCMT:fflush.obj
 0001:00014cd0       __unwind_handler4          10015cd0 f   LIBCMT:exsup4.obj
 0001:00015494       _parse_cmdline             10016494 f   LIBCMT:stdargv.obj
 0001:00015f57       _siglookup                 10016f57 f   LIBCMT:winsig.obj
 0001:0001615c       __onexit_nolock            1001715c f   LIBCMT:onexit.obj
 0001:00016945       ?__crtLCMapStringA_stat@@YAHPAUlocaleinfo_struct@@KKPBDHPADHHH@Z 10017945 f   LIBCMT:a_map.obj
 0001:00016b72       ?__crtGetStringTypeA_stat@@YAHPAUlocaleinfo_struct@@KPBDHPAGHHH@Z 10017b72 f   LIBCMT:a_str.obj
 0001:00017521       __tsopen_nolock            10018521 f   LIBCMT:open.obj
 0001:00018190       __unwind_handler           10019190 f   LIBCMT:exsup.obj
 0001:00018474       ?x_ismbbtype_l@@YAHPAUlocaleinfo_struct@@IHH@Z 10019474 f   LIBCMT:ismbbyte.obj
